Archive member included to satisfy reference by file (symbol)

/opt/st/stm32cubeide_1.4.0/plugins/com.st.stm32cube.ide.mcu.externaltools.gnu-tools-for-stm32.7-2018-q2-update.linux64_1.4.0.202007081208/tools/bin/../lib/gcc/arm-none-eabi/7.3.1/../../../../arm-none-eabi/lib/thumb/v7e-m/fpv5/hard/libc_nano.a(lib_a-exit.o)
                              /opt/st/stm32cubeide_1.4.0/plugins/com.st.stm32cube.ide.mcu.externaltools.gnu-tools-for-stm32.7-2018-q2-update.linux64_1.4.0.202007081208/tools/bin/../lib/gcc/arm-none-eabi/7.3.1/../../../../arm-none-eabi/lib/thumb/v7e-m/fpv5/hard/crt0.o (exit)
/opt/st/stm32cubeide_1.4.0/plugins/com.st.stm32cube.ide.mcu.externaltools.gnu-tools-for-stm32.7-2018-q2-update.linux64_1.4.0.202007081208/tools/bin/../lib/gcc/arm-none-eabi/7.3.1/../../../../arm-none-eabi/lib/thumb/v7e-m/fpv5/hard/libc_nano.a(lib_a-impure.o)
                              /opt/st/stm32cubeide_1.4.0/plugins/com.st.stm32cube.ide.mcu.externaltools.gnu-tools-for-stm32.7-2018-q2-update.linux64_1.4.0.202007081208/tools/bin/../lib/gcc/arm-none-eabi/7.3.1/../../../../arm-none-eabi/lib/thumb/v7e-m/fpv5/hard/libc_nano.a(lib_a-exit.o) (_global_impure_ptr)
/opt/st/stm32cubeide_1.4.0/plugins/com.st.stm32cube.ide.mcu.externaltools.gnu-tools-for-stm32.7-2018-q2-update.linux64_1.4.0.202007081208/tools/bin/../lib/gcc/arm-none-eabi/7.3.1/../../../../arm-none-eabi/lib/thumb/v7e-m/fpv5/hard/libc_nano.a(lib_a-init.o)
                              /opt/st/stm32cubeide_1.4.0/plugins/com.st.stm32cube.ide.mcu.externaltools.gnu-tools-for-stm32.7-2018-q2-update.linux64_1.4.0.202007081208/tools/bin/../lib/gcc/arm-none-eabi/7.3.1/../../../../arm-none-eabi/lib/thumb/v7e-m/fpv5/hard/crt0.o (__libc_init_array)
/opt/st/stm32cubeide_1.4.0/plugins/com.st.stm32cube.ide.mcu.externaltools.gnu-tools-for-stm32.7-2018-q2-update.linux64_1.4.0.202007081208/tools/bin/../lib/gcc/arm-none-eabi/7.3.1/../../../../arm-none-eabi/lib/thumb/v7e-m/fpv5/hard/libc_nano.a(lib_a-malloc.o)
                              Application/Common/Middlewares/ST/STM32_USB_Device_Library/Class/AUDIO_10/usbd_audio.o (malloc)
/opt/st/stm32cubeide_1.4.0/plugins/com.st.stm32cube.ide.mcu.externaltools.gnu-tools-for-stm32.7-2018-q2-update.linux64_1.4.0.202007081208/tools/bin/../lib/gcc/arm-none-eabi/7.3.1/../../../../arm-none-eabi/lib/thumb/v7e-m/fpv5/hard/libc_nano.a(lib_a-memcpy-stub.o)
                              Application/Common/Streaming/audio_usb_nodes.o (memcpy)
/opt/st/stm32cubeide_1.4.0/plugins/com.st.stm32cube.ide.mcu.externaltools.gnu-tools-for-stm32.7-2018-q2-update.linux64_1.4.0.202007081208/tools/bin/../lib/gcc/arm-none-eabi/7.3.1/../../../../arm-none-eabi/lib/thumb/v7e-m/fpv5/hard/libc_nano.a(lib_a-memset.o)
                              /opt/st/stm32cubeide_1.4.0/plugins/com.st.stm32cube.ide.mcu.externaltools.gnu-tools-for-stm32.7-2018-q2-update.linux64_1.4.0.202007081208/tools/bin/../lib/gcc/arm-none-eabi/7.3.1/../../../../arm-none-eabi/lib/thumb/v7e-m/fpv5/hard/crt0.o (memset)
/opt/st/stm32cubeide_1.4.0/plugins/com.st.stm32cube.ide.mcu.externaltools.gnu-tools-for-stm32.7-2018-q2-update.linux64_1.4.0.202007081208/tools/bin/../lib/gcc/arm-none-eabi/7.3.1/../../../../arm-none-eabi/lib/thumb/v7e-m/fpv5/hard/libc_nano.a(lib_a-nano-freer.o)
                              /opt/st/stm32cubeide_1.4.0/plugins/com.st.stm32cube.ide.mcu.externaltools.gnu-tools-for-stm32.7-2018-q2-update.linux64_1.4.0.202007081208/tools/bin/../lib/gcc/arm-none-eabi/7.3.1/../../../../arm-none-eabi/lib/thumb/v7e-m/fpv5/hard/libc_nano.a(lib_a-malloc.o) (_free_r)
/opt/st/stm32cubeide_1.4.0/plugins/com.st.stm32cube.ide.mcu.externaltools.gnu-tools-for-stm32.7-2018-q2-update.linux64_1.4.0.202007081208/tools/bin/../lib/gcc/arm-none-eabi/7.3.1/../../../../arm-none-eabi/lib/thumb/v7e-m/fpv5/hard/libc_nano.a(lib_a-nano-mallocr.o)
                              /opt/st/stm32cubeide_1.4.0/plugins/com.st.stm32cube.ide.mcu.externaltools.gnu-tools-for-stm32.7-2018-q2-update.linux64_1.4.0.202007081208/tools/bin/../lib/gcc/arm-none-eabi/7.3.1/../../../../arm-none-eabi/lib/thumb/v7e-m/fpv5/hard/libc_nano.a(lib_a-malloc.o) (_malloc_r)
/opt/st/stm32cubeide_1.4.0/plugins/com.st.stm32cube.ide.mcu.externaltools.gnu-tools-for-stm32.7-2018-q2-update.linux64_1.4.0.202007081208/tools/bin/../lib/gcc/arm-none-eabi/7.3.1/../../../../arm-none-eabi/lib/thumb/v7e-m/fpv5/hard/libc_nano.a(lib_a-sbrkr.o)
                              /opt/st/stm32cubeide_1.4.0/plugins/com.st.stm32cube.ide.mcu.externaltools.gnu-tools-for-stm32.7-2018-q2-update.linux64_1.4.0.202007081208/tools/bin/../lib/gcc/arm-none-eabi/7.3.1/../../../../arm-none-eabi/lib/thumb/v7e-m/fpv5/hard/libc_nano.a(lib_a-nano-mallocr.o) (_sbrk_r)
/opt/st/stm32cubeide_1.4.0/plugins/com.st.stm32cube.ide.mcu.externaltools.gnu-tools-for-stm32.7-2018-q2-update.linux64_1.4.0.202007081208/tools/bin/../lib/gcc/arm-none-eabi/7.3.1/../../../../arm-none-eabi/lib/thumb/v7e-m/fpv5/hard/libc_nano.a(lib_a-mlock.o)
[...]
Memory Configuration

Name             Origin             Length             Attributes
FLASH            0x0000000008000000 0x0000000000100000 xr
RAM              0x0000000020000000 0x0000000000050000 xrw
ITCMRAM          0x0000000000000000 0x0000000000004000 xrw
*default*        0x0000000000000000 0xffffffffffffffff

Linker script and memory map

LOAD /opt/st/stm32cubeide_1.4.0/plugins/com.st.stm32cube.ide.mcu.externaltools.gnu-tools-for-stm32.7-2018-q2-update.linux64_1.4.0.202007081208/tools/bin/../lib/gcc/arm-none-eabi/7.3.1/thumb/v7e-m/fpv5/hard/crti.o
LOAD /opt/st/stm32cubeide_1.4.0/plugins/com.st.stm32cube.ide.mcu.externaltools.gnu-tools-for-stm32.7-2018-q2-update.linux64_1.4.0.202007081208/tools/bin/../lib/gcc/arm-none-eabi/7.3.1/thumb/v7e-m/fpv5/hard/crtbegin.o
LOAD /opt/st/stm32cubeide_1.4.0/plugins/com.st.stm32cube.ide.mcu.externaltools.gnu-tools-for-stm32.7-2018-q2-update.linux64_1.4.0.202007081208/tools/bin/../lib/gcc/arm-none-eabi/7.3.1/../../../../arm-none-eabi/lib/thumb/v7e-m/fpv5/hard/crt0.o
LOAD Application/Common/Middlewares/ST/STM32_USB_Device_Library/Class/AUDIO_10/usbd_audio.o
LOAD Application/Common/Middlewares/ST/STM32_USB_Device_Library/Core/usbd_core_ex.o
LOAD Application/Common/Streaming/audio_usb_nodes.o
LOAD Application/Common/Streaming/audio_usb_recording_session.o
LOAD Application/Common/Streaming/usbd_audio_10_config_descriptors.o
LOAD Application/Common/Streaming/usbd_audio_if.o
LOAD Application/Extension/Drivers/BSP/Components/wm8994/wm8994_ex.o
LOAD Application/Extension/Drivers/BSP/STM32F769I-DISCOVERY/stm32f769i_discovery_audio_ex.o
LOAD Application/SW4STM32/startup_stm32f769xx.o
LOAD Application/User/audio_mic_node.o
LOAD Application/User/main.o
LOAD Application/User/stm32f7xx_hal_msp.o
LOAD Application/User/stm32f7xx_it.o
LOAD Application/User/usbd_conf.o
LOAD Application/User/usbd_desc.o
LOAD Drivers/BSP/STM32F769I-Discovery/stm32f769i_discovery.o
LOAD Drivers/CMSIS/system_stm32f7xx.o
LOAD Drivers/STM32F7xx_HAL_Driver/stm32f7xx_hal.o
LOAD Drivers/STM32F7xx_HAL_Driver/stm32f7xx_hal_cortex.o
LOAD Drivers/STM32F7xx_HAL_Driver/stm32f7xx_hal_dfsdm.o
LOAD Drivers/STM32F7xx_HAL_Driver/stm32f7xx_hal_dma.o
LOAD Drivers/STM32F7xx_HAL_Driver/stm32f7xx_hal_flash.o
LOAD Drivers/STM32F7xx_HAL_Driver/stm32f7xx_hal_flash_ex.o
LOAD Drivers/STM32F7xx_HAL_Driver/stm32f7xx_hal_gpio.o
LOAD Drivers/STM32F7xx_HAL_Driver/stm32f7xx_hal_i2c.o
LOAD Drivers/STM32F7xx_HAL_Driver/stm32f7xx_hal_i2s.o
LOAD Drivers/STM32F7xx_HAL_Driver/stm32f7xx_hal_pcd.o
LOAD Drivers/STM32F7xx_HAL_Driver/stm32f7xx_hal_pcd_ex.o
LOAD Drivers/STM32F7xx_HAL_Driver/stm32f7xx_hal_pwr.o
LOAD Drivers/STM32F7xx_HAL_Driver/stm32f7xx_hal_pwr_ex.o
LOAD Drivers/STM32F7xx_HAL_Driver/stm32f7xx_hal_rcc.o
LOAD Drivers/STM32F7xx_HAL_Driver/stm32f7xx_hal_rcc_ex.o
LOAD Drivers/STM32F7xx_HAL_Driver/stm32f7xx_hal_sai.o
LOAD Drivers/STM32F7xx_HAL_Driver/stm32f7xx_hal_sai_ex.o
LOAD Drivers/STM32F7xx_HAL_Driver/stm32f7xx_hal_tim.o
LOAD Drivers/STM32F7xx_HAL_Driver/stm32f7xx_hal_tim_ex.o
LOAD Drivers/STM32F7xx_HAL_Driver/stm32f7xx_hal_uart.o
LOAD Drivers/STM32F7xx_HAL_Driver/stm32f7xx_hal_usart.o
LOAD Drivers/STM32F7xx_HAL_Driver/stm32f7xx_ll_usb.o
LOAD Middlewares/STM32_USBD_Library/Core/usbd_ctlreq.o
LOAD Middlewares/STM32_USBD_Library/Core/usbd_ioreq.o
START GROUP
LOAD /opt/st/stm32cubeide_1.4.0/plugins/com.st.stm32cube.ide.mcu.externaltools.gnu-tools-for-stm32.7-2018-q2-update.linux64_1.4.0.202007081208/tools/bin/../lib/gcc/arm-none-eabi/7.3.1/../../../../arm-none-eabi/lib/thumb/v7e-m/fpv5/hard/libc_nano.a
LOAD /opt/st/stm32cubeide_1.4.0/plugins/com.st.stm32cube.ide.mcu.externaltools.gnu-tools-for-stm32.7-2018-q2-update.linux64_1.4.0.202007081208/tools/bin/../lib/gcc/arm-none-eabi/7.3.1/../../../../arm-none-eabi/lib/thumb/v7e-m/fpv5/hard/libm.a
END GROUP
START GROUP
LOAD /opt/st/stm32cubeide_1.4.0/plugins/com.st.stm32cube.ide.mcu.externaltools.gnu-tools-for-stm32.7-2018-q2-update.linux64_1.4.0.202007081208/tools/bin/../lib/gcc/arm-none-eabi/7.3.1/thumb/v7e-m/fpv5/hard/libgcc.a
LOAD /opt/st/stm32cubeide_1.4.0/plugins/com.st.stm32cube.ide.mcu.externaltools.gnu-tools-for-stm32.7-2018-q2-update.linux64_1.4.0.202007081208/tools/bin/../lib/gcc/arm-none-eabi/7.3.1/../../../../arm-none-eabi/lib/thumb/v7e-m/fpv5/hard/libc_nano.a
END GROUP
START GROUP
LOAD /opt/st/stm32cubeide_1.4.0/plugins/com.st.stm32cube.ide.mcu.externaltools.gnu-tools-for-stm32.7-2018-q2-update.linux64_1.4.0.202007081208/tools/bin/../lib/gcc/arm-none-eabi/7.3.1/thumb/v7e-m/fpv5/hard/libgcc.a
LOAD /opt/st/stm32cubeide_1.4.0/plugins/com.st.stm32cube.ide.mcu.externaltools.gnu-tools-for-stm32.7-2018-q2-update.linux64_1.4.0.202007081208/tools/bin/../lib/gcc/arm-none-eabi/7.3.1/../../../../arm-none-eabi/lib/thumb/v7e-m/fpv5/hard/libc_nano.a
LOAD /opt/st/stm32cubeide_1.4.0/plugins/com.st.stm32cube.ide.mcu.externaltools.gnu-tools-for-stm32.7-2018-q2-update.linux64_1.4.0.202007081208/tools/bin/../lib/gcc/arm-none-eabi/7.3.1/../../../../arm-none-eabi/lib/thumb/v7e-m/fpv5/hard/libnosys.a
END GROUP
START GROUP
LOAD /opt/st/stm32cubeide_1.4.0/plugins/com.st.stm32cube.ide.mcu.externaltools.gnu-tools-for-stm32.7-2018-q2-update.linux64_1.4.0.202007081208/tools/bin/../lib/gcc/arm-none-eabi/7.3.1/thumb/v7e-m/fpv5/hard/libgcc.a
LOAD /opt/st/stm32cubeide_1.4.0/plugins/com.st.stm32cube.ide.mcu.externaltools.gnu-tools-for-stm32.7-2018-q2-update.linux64_1.4.0.202007081208/tools/bin/../lib/gcc/arm-none-eabi/7.3.1/../../../../arm-none-eabi/lib/thumb/v7e-m/fpv5/hard/libc_nano.a
LOAD /opt/st/stm32cubeide_1.4.0/plugins/com.st.stm32cube.ide.mcu.externaltools.gnu-tools-for-stm32.7-2018-q2-update.linux64_1.4.0.202007081208/tools/bin/../lib/gcc/arm-none-eabi/7.3.1/../../../../arm-none-eabi/lib/thumb/v7e-m/fpv5/hard/libnosys.a
END GROUP
LOAD /opt/st/stm32cubeide_1.4.0/plugins/com.st.stm32cube.ide.mcu.externaltools.gnu-tools-for-stm32.7-2018-q2-update.linux64_1.4.0.202007081208/tools/bin/../lib/gcc/arm-none-eabi/7.3.1/thumb/v7e-m/fpv5/hard/crtend.o
LOAD /opt/st/stm32cubeide_1.4.0/plugins/com.st.stm32cube.ide.mcu.externaltools.gnu-tools-for-stm32.7-2018-q2-update.linux64_1.4.0.202007081208/tools/bin/../lib/gcc/arm-none-eabi/7.3.1/thumb/v7e-m/fpv5/hard/crtn.o
                0x0000000020050000                _estack = 0x20050000
                0x0000000000003000                _Min_Heap_Size = 0x3000
                0x0000000000000800                _Min_Stack_Size = 0x800

.isr_vector     0x0000000008000000      0x1f8
                0x0000000008000000                . = ALIGN (0x4)
 *(.isr_vector)
 .isr_vector    0x0000000008000000      0x1f8 Application/SW4STM32/startup_stm32f769xx.o
                0x0000000008000000                g_pfnVectors
                0x00000000080001f8                . = ALIGN (0x4)

.text           0x00000000080001f8     0x736c
                0x00000000080001f8                . = ALIGN (0x4)
 *(.text)
 .text          0x00000000080001f8       0x40 /opt/st/stm32cubeide_1.4.0/plugins/com.st.stm32cube.ide.mcu.externaltools.gnu-tools-for-stm32.7-2018-q2-update.linux64_1.4.0.202007081208/tools/bin/../lib/gcc/arm-none-eabi/7.3.1/thumb/v7e-m/fpv5/hard/crtbegin.o
 .text          0x0000000008000238       0x30 /opt/st/stm32cubeide_1.4.0/plugins/com.st.stm32cube.ide.mcu.externaltools.gnu-tools-for-stm32.7-2018-q2-update.linux64_1.4.0.202007081208/tools/bin/../lib/gcc/arm-none-eabi/7.3.1/thumb/v7e-m/fpv5/hard/libgcc.a(_aeabi_uldivmod.o)
                0x0000000008000238                __aeabi_uldivmod
 .text          0x0000000008000268      0x2cc /opt/st/stm32cubeide_1.4.0/plugins/com.st.stm32cube.ide.mcu.externaltools.gnu-tools-for-stm32.7-2018-q2-update.linux64_1.4.0.202007081208/tools/bin/../lib/gcc/arm-none-eabi/7.3.1/thumb/v7e-m/fpv5/hard/libgcc.a(_udivmoddi4.o)
                0x0000000008000268                __udivmoddi4
 .text          0x0000000008000534        0x4 /opt/st/stm32cubeide_1.4.0/plugins/com.st.stm32cube.ide.mcu.externaltools.gnu-tools-for-stm32.7-2018-q2-update.linux64_1.4.0.202007081208/tools/bin/../lib/gcc/arm-none-eabi/7.3.1/thumb/v7e-m/fpv5/hard/libgcc.a(_dvmd_tls.o)
                0x0000000008000534                __aeabi_ldiv0
                0x0000000008000534                __aeabi_idiv0
 *(.text*)
 .text.USBD_AUDIO_GetCfgDesc
                0x0000000008000538       0x10 Application/Common/Middlewares/ST/STM32_USB_Device_Library/Class/AUDIO_10/usbd_audio.o
 .text.USBD_AUDIO_EP0_TxReady
                0x0000000008000548        0x4 Application/Common/Middlewares/ST/STM32_USB_Device_Library/Class/AUDIO_10/usbd_audio.o
 .text.USBD_AUDIO_SOF
                0x000000000800054c       0x28 Application/Common/Middlewares/ST/STM32_USB_Device_Library/Class/AUDIO_10/usbd_audio.o
 .text.USBD_AUDIO_IsoOutIncomplete
                0x0000000008000574        0x4 Application/Common/Middlewares/ST/STM32_USB_Device_Library/Class/AUDIO_10/usbd_audio.o
 .text.USBD_AUDIO_GetDeviceQualifierDesc
                0x0000000008000578        0xc Application/Common/Middlewares/ST/STM32_USB_Device_Library/Class/AUDIO_10/usbd_audio.o
 .text.USBD_AUDIO_IsoINIncomplete
                0x0000000008000584       0x9c Application/Common/Middlewares/ST/STM32_USB_Device_Library/Class/AUDIO_10/usbd_audio.o
 .text.USBD_AUDIO_DataIn
                0x0000000008000620       0x54 Application/Common/Middlewares/ST/STM32_USB_Device_Library/Class/AUDIO_10/usbd_audio.o
 .text.USBD_AUDIO_EP0_RxReady
                0x0000000008000674       0x5c Application/Common/Middlewares/ST/STM32_USB_Device_Library/Class/AUDIO_10/usbd_audio.o
 .text.USBD_AUDIO_DataOut
                0x00000000080006d0       0x52 Application/Common/Middlewares/ST/STM32_USB_Device_Library/Class/AUDIO_10/usbd_audio.o
 *fill*         0x0000000008000722        0x2 
 .text.USBD_AUDIO_Setup
                0x0000000008000724      0x274 Application/Common/Middlewares/ST/STM32_USB_Device_Library/Class/AUDIO_10/usbd_audio.o
 .text.USBD_AUDIO_DeInit
                0x0000000008000998       0x78 Application/Common/Middlewares/ST/STM32_USB_Device_Library/Class/AUDIO_10/usbd_audio.o
 .text.USBD_AUDIO_Init
                0x0000000008000a10       0x40 Application/Common/Middlewares/ST/STM32_USB_Device_Library/Class/AUDIO_10/usbd_audio.o
 .text.USBD_AUDIO_RegisterInterface
                0x0000000008000a50       0x1c Application/Common/Middlewares/ST/STM32_USB_Device_Library/Class/AUDIO_10/usbd_audio.o
                0x0000000008000a50                USBD_AUDIO_RegisterInterface
 .text.USBD_Init
                0x0000000008000a6c       0x2a Application/Common/Middlewares/ST/STM32_USB_Device_Library/Core/usbd_core_ex.o
                0x0000000008000a6c                USBD_Init
 .text.USBD_RegisterClass
                0x0000000008000a96        0xe Application/Common/Middlewares/ST/STM32_USB_Device_Library/Core/usbd_core_ex.o
                0x0000000008000a96                USBD_RegisterClass
 .text.USBD_Start
                0x0000000008000aa4        0xa Application/Common/Middlewares/ST/STM32_USB_Device_Library/Core/usbd_core_ex.o
                0x0000000008000aa4                USBD_Start
 .text.USBD_SetClassConfig
                0x0000000008000aae       0x16 Application/Common/Middlewares/ST/STM32_USB_Device_Library/Core/usbd_core_ex.o
                0x0000000008000aae                USBD_SetClassConfig
 .text.USBD_ClrClassConfig
                0x0000000008000ac4        0xe Application/Common/Middlewares/ST/STM32_USB_Device_Library/Core/usbd_core_ex.o
                0x0000000008000ac4                USBD_ClrClassConfig
 .text.USBD_LL_SetupStage
                0x0000000008000ad2       0x5a Application/Common/Middlewares/ST/STM32_USB_Device_Library/Core/usbd_core_ex.o
                0x0000000008000ad2                USBD_LL_SetupStage
 .text.USBD_LL_DataOutStage
                0x0000000008000b2c       0x64 Application/Common/Middlewares/ST/STM32_USB_Device_Library/Core/usbd_core_ex.o
                0x0000000008000b2c                USBD_LL_DataOutStage
 .text.USBD_LL_DataInStage
                0x0000000008000b90       0x9e Application/Common/Middlewares/ST/STM32_USB_Device_Library/Core/usbd_core_ex.o
                0x0000000008000b90                USBD_LL_DataInStage
 .text.USBD_LL_Reset
                0x0000000008000c2e       0x3e Application/Common/Middlewares/ST/STM32_USB_Device_Library/Core/usbd_core_ex.o
                0x0000000008000c2e                USBD_LL_Reset
 .text.USBD_LL_SetSpeed
                0x0000000008000c6c        0x6 Application/Common/Middlewares/ST/STM32_USB_Device_Library/Core/usbd_core_ex.o
                0x0000000008000c6c                USBD_LL_SetSpeed
 .text.USBD_LL_Suspend
                0x0000000008000c72       0x12 Application/Common/Middlewares/ST/STM32_USB_Device_Library/Core/usbd_core_ex.o
                0x0000000008000c72                USBD_LL_Suspend
 .text.USBD_LL_Resume
                0x0000000008000c84        0xc Application/Common/Middlewares/ST/STM32_USB_Device_Library/Core/usbd_core_ex.o
                0x0000000008000c84                USBD_LL_Resume
 .text.USBD_LL_SOF
                0x0000000008000c90       0x18 Application/Common/Middlewares/ST/STM32_USB_Device_Library/Core/usbd_core_ex.o
                0x0000000008000c90                USBD_LL_SOF
 .text.USBD_LL_IsoINIncomplete
                0x0000000008000ca8       0x18 Application/Common/Middlewares/ST/STM32_USB_Device_Library/Core/usbd_core_ex.o
                0x0000000008000ca8                USBD_LL_IsoINIncomplete
 .text.USBD_LL_IsoOUTIncomplete
                0x0000000008000cc0       0x18 Application/Common/Middlewares/ST/STM32_USB_Device_Library/Core/usbd_core_ex.o
                0x0000000008000cc0                USBD_LL_IsoOUTIncomplete
 .text.USBD_LL_DevConnected
                0x0000000008000cd8        0x4 Application/Common/Middlewares/ST/STM32_USB_Device_Library/Core/usbd_core_ex.o
                0x0000000008000cd8                USBD_LL_DevConnected
 .text.USBD_LL_DevDisconnected
                0x0000000008000cdc       0x16 Application/Common/Middlewares/ST/STM32_USB_Device_Library/Core/usbd_core_ex.o
                0x0000000008000cdc                USBD_LL_DevDisconnected
 .text.USB_AudioStreamingInputOutputDeInit
                0x0000000008000cf2        0x8 Application/Common/Streaming/audio_usb_nodes.o
 .text.USB_AudioStreamingInputOutputStart
                0x0000000008000cfa       0x20 Application/Common/Streaming/audio_usb_nodes.o
 .text.USB_AudioStreamingInputOutputStop
                0x0000000008000d1a        0x8 Application/Common/Streaming/audio_usb_nodes.o
 .text.USB_AudioStreamingInputOutputRestart
                0x0000000008000d22        0xe Application/Common/Streaming/audio_usb_nodes.o
 .text.USB_AudioStreamingInputOutputGetMaxPacketLength
                0x0000000008000d30        0x4 Application/Common/Streaming/audio_usb_nodes.o
 .text.USB_AudioStreamingInputOutputGetState
                0x0000000008000d34        0x4 Application/Common/Streaming/audio_usb_nodes.o
 .text.USB_AudioStreamingFeatureUnitDInit
                0x0000000008000d38        0x8 Application/Common/Streaming/audio_usb_nodes.o
 .text.USB_AudioStreamingFeatureUnitStart
                0x0000000008000d40       0x24 Application/Common/Streaming/audio_usb_nodes.o
 .text.USB_AudioStreamingFeatureUnitStop
                0x0000000008000d64        0x8 Application/Common/Streaming/audio_usb_nodes.o
 .text.USB_AudioStreamingFeatureUnitGetMute
                0x0000000008000d6c        0xa Application/Common/Streaming/audio_usb_nodes.o
 .text.USB_AudioStreamingFeatureUnitSetMute
                0x0000000008000d76       0x18 Application/Common/Streaming/audio_usb_nodes.o
 .text.USB_AudioStreamingFeatureUnitGetCurVolume
                0x0000000008000d8e        0xa Application/Common/Streaming/audio_usb_nodes.o
 .text.USB_AudioStreamingFeatureUnitSetCurVolume
                0x0000000008000d98       0x20 Application/Common/Streaming/audio_usb_nodes.o
 .text.USB_AudioStreamingFeatureUnitInit
                0x0000000008000db8       0x90 Application/Common/Streaming/audio_usb_nodes.o
                0x0000000008000db8                USB_AudioStreamingFeatureUnitInit
 .text.USB_AudioStreamingOutputGetBuffer
                0x0000000008000e48       0xd8 Application/Common/Streaming/audio_usb_nodes.o
 .text.USB_AudioStreamingFeatureUnitGetStatus
                0x0000000008000f20        0x4 Application/Common/Streaming/audio_usb_nodes.o
 .text.USB_AudioStreamingOutputInit
                0x0000000008000f24       0x98 Application/Common/Streaming/audio_usb_nodes.o
                0x0000000008000f24                USB_AudioStreamingOutputInit
 .text.USB_AudioStreamingInitializeDataBuffer
                0x0000000008000fbc       0x12 Application/Common/Streaming/audio_usb_nodes.o
                0x0000000008000fbc                USB_AudioStreamingInitializeDataBuffer
 .text.USB_AudioRecordingGetState
                0x0000000008000fce        0x4 Application/Common/Streaming/audio_usb_recording_session.o
 *fill*         0x0000000008000fd2        0x2 
 .text.USB_AudioRecordingSofReceived
                0x0000000008000fd4      0x244 Application/Common/Streaming/audio_usb_recording_session.o
 .text.USB_AudioRecordingSessionStop.isra.0
                0x0000000008001218       0x34 Application/Common/Streaming/audio_usb_recording_session.o
 .text.USB_AudioRecordingSetAudioStreamingInterfaceAlternateSetting
                0x000000000800124c       0x7c Application/Common/Streaming/audio_usb_recording_session.o
 .text.USB_AudioRecordingSessionDeInit
                0x00000000080012c8       0x44 Application/Common/Streaming/audio_usb_recording_session.o
 .text.USB_AudioRecordingSynchroInit.isra.1
                0x000000000800130c       0x4c Application/Common/Streaming/audio_usb_recording_session.o
 .text.USB_AudioRecordingSessionCallback
                0x0000000008001358       0xe4 Application/Common/Streaming/audio_usb_recording_session.o
 .text.AUDIO_RecordingSessionInit
                0x000000000800143c      0x11c Application/Common/Streaming/audio_usb_recording_session.o
                0x000000000800143c                AUDIO_RecordingSessionInit
 .text.USB_AudioRecordingSynchronizationGetSamplesCountToAddInNextPckt
                0x0000000008001558       0x18 Application/Common/Streaming/audio_usb_recording_session.o
                0x0000000008001558                USB_AudioRecordingSynchronizationGetSamplesCountToAddInNextPckt
 .text.USB_AudioRecordingSynchronizationNotificationSamplesRead
                0x0000000008001570       0x18 Application/Common/Streaming/audio_usb_recording_session.o
                0x0000000008001570                USB_AudioRecordingSynchronizationNotificationSamplesRead
 .text.USB_AUDIO_GetConfigDescriptor
                0x0000000008001588       0x10 Application/Common/Streaming/usbd_audio_10_config_descriptors.o
                0x0000000008001588                USB_AUDIO_GetConfigDescriptor
 .text.AUDIO_USB_DeInit
                0x0000000008001598       0x18 Application/Common/Streaming/usbd_audio_if.o
 .text.AUDIO_USB_GetState
                0x00000000080015b0        0x4 Application/Common/Streaming/usbd_audio_if.o
 .text.AUDIO_USB_GetConfigDesc
                0x00000000080015b4        0xe Application/Common/Streaming/usbd_audio_if.o
 *fill*         0x00000000080015c2        0x2 
 .text.AUDIO_USB_Init
                0x00000000080015c4       0x2c Application/Common/Streaming/usbd_audio_if.o
 .text.wm8994_SetOutputMode
                0x00000000080015f0       0x9c Application/Extension/Drivers/BSP/Components/wm8994/wm8994_ex.o
                0x00000000080015f0                wm8994_SetOutputMode
 .text.wm8994_SetFrequency
                0x000000000800168c       0x5c Application/Extension/Drivers/BSP/Components/wm8994/wm8994_ex.o
                0x000000000800168c                wm8994_SetFrequency
 .text.wm8994_Reset
                0x00000000080016e8       0x1c Application/Extension/Drivers/BSP/Components/wm8994/wm8994_ex.o
                0x00000000080016e8                wm8994_Reset
 .text.wm8994_DeInit
                0x0000000008001704        0x4 Application/Extension/Drivers/BSP/Components/wm8994/wm8994_ex.o
                0x0000000008001704                wm8994_DeInit
 .text.wm8994_ReadID
                0x0000000008001708       0x12 Application/Extension/Drivers/BSP/Components/wm8994/wm8994_ex.o
                0x0000000008001708                wm8994_ReadID
 *fill*         0x000000000800171a        0x2 
 .text.wm8994_SetMute
                0x000000000800171c       0x44 Application/Extension/Drivers/BSP/Components/wm8994/wm8994_ex.o
                0x000000000800171c                wm8994_SetMute
 .text.wm8994_Play
                0x0000000008001760        0x6 Application/Extension/Drivers/BSP/Components/wm8994/wm8994_ex.o
                0x0000000008001760                wm8994_Play
 .text.wm8994_Resume
                0x0000000008001766        0x6 Application/Extension/Drivers/BSP/Components/wm8994/wm8994_ex.o
                0x0000000008001766                wm8994_Resume
 .text.wm8994_Pause
                0x000000000800176c       0x1a Application/Extension/Drivers/BSP/Components/wm8994/wm8994_ex.o
                0x000000000800176c                wm8994_Pause
 *fill*         0x0000000008001786        0x2 
 .text.wm8994_SetVolume
                0x0000000008001788      0x104 Application/Extension/Drivers/BSP/Components/wm8994/wm8994_ex.o
                0x0000000008001788                wm8994_SetVolume
 .text.wm8994_InitExt
                0x000000000800188c      0x4f0 Application/Extension/Drivers/BSP/Components/wm8994/wm8994_ex.o
                0x000000000800188c                wm8994_InitExt
 .text.wm8994_Stop
                0x0000000008001d7c       0x6c Application/Extension/Drivers/BSP/Components/wm8994/wm8994_ex.o
                0x0000000008001d7c                wm8994_Stop
 .text.SAIx_In_DeInit
                0x0000000008001de8       0x34 Application/Extension/Drivers/BSP/STM32F769I-DISCOVERY/stm32f769i_discovery_audio_ex.o
 .text.BSP_AUDIO_OUT_Error_CallBack
                0x0000000008001e1c        0x2 Application/Extension/Drivers/BSP/STM32F769I-DISCOVERY/stm32f769i_discovery_audio_ex.o
                0x0000000008001e1c                BSP_AUDIO_OUT_Error_CallBack
 *fill*         0x0000000008001e1e        0x2 
 .text.BSP_AUDIO_OUT_MspInit
                0x0000000008001e20      0x118 Application/Extension/Drivers/BSP/STM32F769I-DISCOVERY/stm32f769i_discovery_audio_ex.o
                0x0000000008001e20                BSP_AUDIO_OUT_MspInit
 .text.BSP_AUDIO_OUT_ClockConfig
                0x0000000008001f38       0x62 Application/Extension/Drivers/BSP/STM32F769I-DISCOVERY/stm32f769i_discovery_audio_ex.o
                0x0000000008001f38                BSP_AUDIO_OUT_ClockConfig
 *fill*         0x0000000008001f9a        0x2 
 .text.BSP_AUDIO_IN_AllocScratch
                0x0000000008001f9c       0x34 Application/Extension/Drivers/BSP/STM32F769I-DISCOVERY/stm32f769i_discovery_audio_ex.o
                0x0000000008001f9c                BSP_AUDIO_IN_AllocScratch
 .text.BSP_AUDIO_IN_Record
                0x0000000008001fd0       0x78 Application/Extension/Drivers/BSP/STM32F769I-DISCOVERY/stm32f769i_discovery_audio_ex.o
                0x0000000008001fd0                BSP_AUDIO_IN_Record
 .text.BSP_AUDIO_IN_Stop
                0x0000000008002048       0x84 Application/Extension/Drivers/BSP/STM32F769I-DISCOVERY/stm32f769i_discovery_audio_ex.o
                0x0000000008002048                BSP_AUDIO_IN_Stop
 .text.BSP_AUDIO_IN_Get_PcmBuffer
                0x00000000080020cc       0xd0 Application/Extension/Drivers/BSP/STM32F769I-DISCOVERY/stm32f769i_discovery_audio_ex.o
                0x00000000080020cc                BSP_AUDIO_IN_Get_PcmBuffer
 .text.HAL_DFSDM_FilterRegConvCpltCallback
                0x000000000800219c       0x88 Application/Extension/Drivers/BSP/STM32F769I-DISCOVERY/stm32f769i_discovery_audio_ex.o
                0x000000000800219c                HAL_DFSDM_FilterRegConvCpltCallback
 .text.HAL_SAI_RxCpltCallback
                0x0000000008002224        0x8 Application/Extension/Drivers/BSP/STM32F769I-DISCOVERY/stm32f769i_discovery_audio_ex.o
                0x0000000008002224                HAL_SAI_RxCpltCallback
 .text.HAL_DFSDM_FilterRegConvHalfCpltCallback
                0x000000000800222c       0x94 Application/Extension/Drivers/BSP/STM32F769I-DISCOVERY/stm32f769i_discovery_audio_ex.o
                0x000000000800222c                HAL_DFSDM_FilterRegConvHalfCpltCallback
 .text.HAL_SAI_RxHalfCpltCallback
                0x00000000080022c0        0x8 Application/Extension/Drivers/BSP/STM32F769I-DISCOVERY/stm32f769i_discovery_audio_ex.o
                0x00000000080022c0                HAL_SAI_RxHalfCpltCallback
 .text.BSP_AUDIO_IN_Error_CallBack
                0x00000000080022c8        0x2 Application/Extension/Drivers/BSP/STM32F769I-DISCOVERY/stm32f769i_discovery_audio_ex.o
                0x00000000080022c8                BSP_AUDIO_IN_Error_CallBack
 *fill*         0x00000000080022ca        0x2 
 .text.HAL_SAI_ErrorCallback
                0x00000000080022cc       0x1c Application/Extension/Drivers/BSP/STM32F769I-DISCOVERY/stm32f769i_discovery_audio_ex.o
                0x00000000080022cc                HAL_SAI_ErrorCallback
 .text.BSP_AUDIO_IN_MspInit
                0x00000000080022e8      0x2ec Application/Extension/Drivers/BSP/STM32F769I-DISCOVERY/stm32f769i_discovery_audio_ex.o
                0x00000000080022e8                BSP_AUDIO_IN_MspInit
 .text.BSP_AUDIO_IN_MspDeInit
                0x00000000080025d4       0xc8 Application/Extension/Drivers/BSP/STM32F769I-DISCOVERY/stm32f769i_discovery_audio_ex.o
                0x00000000080025d4                BSP_AUDIO_IN_MspDeInit
 .text.BSP_AUDIO_IN_DeInit
                0x000000000800269c       0x8c Application/Extension/Drivers/BSP/STM32F769I-DISCOVERY/stm32f769i_discovery_audio_ex.o
                0x000000000800269c                BSP_AUDIO_IN_DeInit
 .text.BSP_AUDIO_IN_ClockConfig
                0x0000000008002728       0x70 Application/Extension/Drivers/BSP/STM32F769I-DISCOVERY/stm32f769i_discovery_audio_ex.o
                0x0000000008002728                BSP_AUDIO_IN_ClockConfig
 .text.BSP_AUDIO_IN_InitEx
                0x0000000008002798      0x4d4 Application/Extension/Drivers/BSP/STM32F769I-DISCOVERY/stm32f769i_discovery_audio_ex.o
                0x0000000008002798                BSP_AUDIO_IN_InitEx
 .text.BSP_AUDIO_IN_Init
                0x0000000008002c6c        0xc Application/Extension/Drivers/BSP/STM32F769I-DISCOVERY/stm32f769i_discovery_audio_ex.o
                0x0000000008002c6c                BSP_AUDIO_IN_Init
 .text.Reset_Handler
                0x0000000008002c78       0x50 Application/SW4STM32/startup_stm32f769xx.o
                0x0000000008002c78                Reset_Handler
 .text.Default_Handler
                0x0000000008002cc8        0x2 Application/SW4STM32/startup_stm32f769xx.o
                0x0000000008002cc8                RTC_Alarm_IRQHandler
                0x0000000008002cc8                EXTI2_IRQHandler
                0x0000000008002cc8                TIM8_CC_IRQHandler
                0x0000000008002cc8                UART8_IRQHandler
                0x0000000008002cc8                SPI4_IRQHandler
                0x0000000008002cc8                TIM1_CC_IRQHandler
                0x0000000008002cc8                JPEG_IRQHandler
                0x0000000008002cc8                DMA1_Stream5_IRQHandler
                0x0000000008002cc8                CAN3_RX1_IRQHandler
                0x0000000008002cc8                PVD_IRQHandler
                0x0000000008002cc8                TAMP_STAMP_IRQHandler
                0x0000000008002cc8                CAN2_RX1_IRQHandler
                0x0000000008002cc8                EXTI3_IRQHandler
                0x0000000008002cc8                TIM8_TRG_COM_TIM14_IRQHandler
                0x0000000008002cc8                DFSDM1_FLT1_IRQHandler
                0x0000000008002cc8                TIM1_UP_TIM10_IRQHandler
                0x0000000008002cc8                TIM8_UP_TIM13_IRQHandler
                0x0000000008002cc8                I2C3_ER_IRQHandler
                0x0000000008002cc8                DFSDM1_FLT2_IRQHandler
                0x0000000008002cc8                EXTI0_IRQHandler
                0x0000000008002cc8                I2C2_EV_IRQHandler
                0x0000000008002cc8                DMA1_Stream2_IRQHandler
                0x0000000008002cc8                CAN1_RX0_IRQHandler
                0x0000000008002cc8                FPU_IRQHandler
                0x0000000008002cc8                OTG_HS_WKUP_IRQHandler
                0x0000000008002cc8                CAN3_SCE_IRQHandler
                0x0000000008002cc8                LTDC_ER_IRQHandler
                0x0000000008002cc8                CAN2_SCE_IRQHandler
                0x0000000008002cc8                DMA2_Stream2_IRQHandler
                0x0000000008002cc8                SPI1_IRQHandler
                0x0000000008002cc8                TIM6_DAC_IRQHandler
                0x0000000008002cc8                TIM1_BRK_TIM9_IRQHandler
                0x0000000008002cc8                DCMI_IRQHandler
                0x0000000008002cc8                CAN2_RX0_IRQHandler
                0x0000000008002cc8                DMA2_Stream3_IRQHandler
                0x0000000008002cc8                SAI2_IRQHandler
                0x0000000008002cc8                DFSDM1_FLT3_IRQHandler
                0x0000000008002cc8                USART6_IRQHandler
                0x0000000008002cc8                CAN3_RX0_IRQHandler
                0x0000000008002cc8                USART3_IRQHandler
                0x0000000008002cc8                CAN1_RX1_IRQHandler
                0x0000000008002cc8                UART5_IRQHandler
                0x0000000008002cc8                TIM4_IRQHandler
                0x0000000008002cc8                QUADSPI_IRQHandler
                0x0000000008002cc8                I2C1_EV_IRQHandler
                0x0000000008002cc8                DMA1_Stream6_IRQHandler
                0x0000000008002cc8                DMA1_Stream1_IRQHandler
                0x0000000008002cc8                UART4_IRQHandler
                0x0000000008002cc8                TIM3_IRQHandler
                0x0000000008002cc8                RCC_IRQHandler
                0x0000000008002cc8                TIM8_BRK_TIM12_IRQHandler
                0x0000000008002cc8                Default_Handler
                0x0000000008002cc8                CEC_IRQHandler
                0x0000000008002cc8                EXTI15_10_IRQHandler
                0x0000000008002cc8                ADC_IRQHandler
                0x0000000008002cc8                DMA1_Stream7_IRQHandler
                0x0000000008002cc8                SPI5_IRQHandler
                0x0000000008002cc8                TIM7_IRQHandler
                0x0000000008002cc8                SDMMC1_IRQHandler
                0x0000000008002cc8                CAN2_TX_IRQHandler
                0x0000000008002cc8                TIM5_IRQHandler
                0x0000000008002cc8                DMA2_Stream7_IRQHandler
                0x0000000008002cc8                I2C3_EV_IRQHandler
                0x0000000008002cc8                EXTI9_5_IRQHandler
                0x0000000008002cc8                RTC_WKUP_IRQHandler
                0x0000000008002cc8                LTDC_IRQHandler
                0x0000000008002cc8                ETH_WKUP_IRQHandler
                0x0000000008002cc8                SPDIF_RX_IRQHandler
                0x0000000008002cc8                SPI2_IRQHandler
                0x0000000008002cc8                OTG_HS_EP1_IN_IRQHandler
                0x0000000008002cc8                DMA1_Stream0_IRQHandler
                0x0000000008002cc8                CAN1_TX_IRQHandler
                0x0000000008002cc8                EXTI4_IRQHandler
                0x0000000008002cc8                RNG_IRQHandler
                0x0000000008002cc8                DSI_IRQHandler
                0x0000000008002cc8                ETH_IRQHandler
                0x0000000008002cc8                OTG_HS_EP1_OUT_IRQHandler
                0x0000000008002cc8                WWDG_IRQHandler
                0x0000000008002cc8                SPI6_IRQHandler
                0x0000000008002cc8                MDIOS_IRQHandler
                0x0000000008002cc8                I2C4_EV_IRQHandler
                0x0000000008002cc8                CAN3_TX_IRQHandler
                0x0000000008002cc8                TIM2_IRQHandler
                0x0000000008002cc8                OTG_FS_WKUP_IRQHandler
                0x0000000008002cc8                TIM1_TRG_COM_TIM11_IRQHandler
                0x0000000008002cc8                DMA2D_IRQHandler
                0x0000000008002cc8                EXTI1_IRQHandler
                0x0000000008002cc8                SDMMC2_IRQHandler
                0x0000000008002cc8                UART7_IRQHandler
                0x0000000008002cc8                USART2_IRQHandler
                0x0000000008002cc8                DFSDM1_FLT0_IRQHandler
                0x0000000008002cc8                I2C2_ER_IRQHandler
                0x0000000008002cc8                CAN1_SCE_IRQHandler
                0x0000000008002cc8                FLASH_IRQHandler
                0x0000000008002cc8                DMA2_Stream4_IRQHandler
                0x0000000008002cc8                USART1_IRQHandler
                0x0000000008002cc8                OTG_FS_IRQHandler
                0x0000000008002cc8                SPI3_IRQHandler
                0x0000000008002cc8                DMA1_Stream4_IRQHandler
                0x0000000008002cc8                I2C1_ER_IRQHandler
                0x0000000008002cc8                FMC_IRQHandler
                0x0000000008002cc8                LPTIM1_IRQHandler
                0x0000000008002cc8                I2C4_ER_IRQHandler
                0x0000000008002cc8                DMA2_Stream6_IRQHandler
                0x0000000008002cc8                SAI1_IRQHandler
                0x0000000008002cc8                DMA1_Stream3_IRQHandler
 .text.AUDIO_MicStart
                0x0000000008002cca       0x14 Application/User/audio_mic_node.o
 .text.AUDIO_MicStop
                0x0000000008002cde        0xe Application/User/audio_mic_node.o
 .text.AUDIO_MicChangeFrequency
                0x0000000008002cec       0x10 Application/User/audio_mic_node.o
 .text.AUDIO_MicMute
                0x0000000008002cfc        0x4 Application/User/audio_mic_node.o
 .text.AUDIO_MicSetVolume
                0x0000000008002d00       0x16 Application/User/audio_mic_node.o
 .text.AUDIO_MicGetVolumeDefaultsValues
                0x0000000008002d16       0x16 Application/User/audio_mic_node.o
 .text.AUDIO_MicStartReadCount
                0x0000000008002d2c       0x20 Application/User/audio_mic_node.o
 .text.AUDIO_MicGetLastReadCount
                0x0000000008002d4c       0x44 Application/User/audio_mic_node.o
 .text.AUDIO_MicDeInit
                0x0000000008002d90       0x20 Application/User/audio_mic_node.o
 .text.AUDIO_FillDataToBuffer
                0x0000000008002db0       0xe8 Application/User/audio_mic_node.o
 .text.AUDIO_DFSDM_MEMS_MicInit
                0x0000000008002e98       0xd0 Application/User/audio_mic_node.o
                0x0000000008002e98                AUDIO_DFSDM_MEMS_MicInit
 .text.BSP_AUDIO_IN_HalfTransfer_CallBack
                0x0000000008002f68       0x18 Application/User/audio_mic_node.o
                0x0000000008002f68                BSP_AUDIO_IN_HalfTransfer_CallBack
 .text.BSP_AUDIO_IN_TransferComplete_CallBack
                0x0000000008002f80       0x14 Application/User/audio_mic_node.o
                0x0000000008002f80                BSP_AUDIO_IN_TransferComplete_CallBack
 .text.startup.main
                0x0000000008002f94       0xa4 Application/User/main.o
                0x0000000008002f94                main
 .text.Error_Handler
                0x0000000008003038        0x2 Application/User/main.o
                0x0000000008003038                Error_Handler
 .text.USBD_error_handler
                0x000000000800303a        0x2 Application/User/main.o
                0x000000000800303a                USBD_error_handler
 .text.NMI_Handler
                0x000000000800303c        0x2 Application/User/stm32f7xx_it.o
                0x000000000800303c                NMI_Handler
 .text.HardFault_Handler
                0x000000000800303e        0x2 Application/User/stm32f7xx_it.o
                0x000000000800303e                HardFault_Handler
 .text.MemManage_Handler
                0x0000000008003040        0x2 Application/User/stm32f7xx_it.o
                0x0000000008003040                MemManage_Handler
 .text.BusFault_Handler
                0x0000000008003042        0x2 Application/User/stm32f7xx_it.o
                0x0000000008003042                BusFault_Handler
 .text.UsageFault_Handler
                0x0000000008003044        0x2 Application/User/stm32f7xx_it.o
                0x0000000008003044                UsageFault_Handler
 .text.SVC_Handler
                0x0000000008003046        0x2 Application/User/stm32f7xx_it.o
                0x0000000008003046                SVC_Handler
 .text.DebugMon_Handler
                0x0000000008003048        0x2 Application/User/stm32f7xx_it.o
                0x0000000008003048                DebugMon_Handler
 .text.PendSV_Handler
                0x000000000800304a        0x2 Application/User/stm32f7xx_it.o
                0x000000000800304a                PendSV_Handler
 .text.SysTick_Handler
                0x000000000800304c        0x4 Application/User/stm32f7xx_it.o
                0x000000000800304c                SysTick_Handler
 .text.OTG_HS_IRQHandler
                0x0000000008003050        0xc Application/User/stm32f7xx_it.o
                0x0000000008003050                OTG_HS_IRQHandler
 .text.DMA2_Stream1_IRQHandler
                0x000000000800305c        0xc Application/User/stm32f7xx_it.o
                0x000000000800305c                DMA2_Stream1_IRQHandler
 .text.DMA2_Stream0_IRQHandler
                0x0000000008003068        0xc Application/User/stm32f7xx_it.o
                0x0000000008003068                DMA2_Stream0_IRQHandler
 .text.DMA2_Stream5_IRQHandler
                0x0000000008003074        0xc Application/User/stm32f7xx_it.o
                0x0000000008003074                DMA2_Stream5_IRQHandler
 .text.HAL_PCD_MspInit
                0x0000000008003080      0x1d4 Application/User/usbd_conf.o
                0x0000000008003080                HAL_PCD_MspInit
 .text.HAL_PCD_SetupStageCallback
                0x0000000008003254        0xc Application/User/usbd_conf.o
                0x0000000008003254                HAL_PCD_SetupStageCallback
 .text.HAL_PCD_DataOutStageCallback
                0x0000000008003260       0x12 Application/User/usbd_conf.o
                0x0000000008003260                HAL_PCD_DataOutStageCallback
 .text.HAL_PCD_DataInStageCallback
                0x0000000008003272       0x10 Application/User/usbd_conf.o
                0x0000000008003272                HAL_PCD_DataInStageCallback
 .text.HAL_PCD_SOFCallback
                0x0000000008003282        0x8 Application/User/usbd_conf.o
                0x0000000008003282                HAL_PCD_SOFCallback
 .text.HAL_PCD_ResetCallback
                0x000000000800328a       0x22 Application/User/usbd_conf.o
                0x000000000800328a                HAL_PCD_ResetCallback
 .text.HAL_PCD_SuspendCallback
                0x00000000080032ac        0x8 Application/User/usbd_conf.o
                0x00000000080032ac                HAL_PCD_SuspendCallback
 .text.HAL_PCD_ResumeCallback
                0x00000000080032b4        0x8 Application/User/usbd_conf.o
                0x00000000080032b4                HAL_PCD_ResumeCallback
 .text.HAL_PCD_ISOOUTIncompleteCallback
                0x00000000080032bc        0x8 Application/User/usbd_conf.o
                0x00000000080032bc                HAL_PCD_ISOOUTIncompleteCallback
 .text.HAL_PCD_ISOINIncompleteCallback
                0x00000000080032c4        0x8 Application/User/usbd_conf.o
                0x00000000080032c4                HAL_PCD_ISOINIncompleteCallback
 .text.HAL_PCD_ConnectCallback
                0x00000000080032cc        0x8 Application/User/usbd_conf.o
                0x00000000080032cc                HAL_PCD_ConnectCallback
 .text.HAL_PCD_DisconnectCallback
                0x00000000080032d4        0x8 Application/User/usbd_conf.o
                0x00000000080032d4                HAL_PCD_DisconnectCallback
 .text.USBD_LL_Init
                0x00000000080032dc       0x84 Application/User/usbd_conf.o
                0x00000000080032dc                USBD_LL_Init
 .text.USBD_LL_Start
                0x0000000008003360        0xe Application/User/usbd_conf.o
                0x0000000008003360                USBD_LL_Start
 .text.USBD_LL_OpenEP
                0x000000000800336e       0x14 Application/User/usbd_conf.o
                0x000000000800336e                USBD_LL_OpenEP
 *fill*         0x0000000008003382        0x2 
 .text.USBD_LL_CloseEP
                0x0000000008003384       0x30 Application/User/usbd_conf.o
                0x0000000008003384                USBD_LL_CloseEP
 .text.USBD_LL_FlushEP
                0x00000000080033b4        0xe Application/User/usbd_conf.o
                0x00000000080033b4                USBD_LL_FlushEP
 .text.USBD_LL_StallEP
                0x00000000080033c2        0xe Application/User/usbd_conf.o
                0x00000000080033c2                USBD_LL_StallEP
 .text.USBD_LL_ClearStallEP
                0x00000000080033d0        0xe Application/User/usbd_conf.o
                0x00000000080033d0                USBD_LL_ClearStallEP
 .text.USBD_LL_IsStallEP
                0x00000000080033de       0x26 Application/User/usbd_conf.o
                0x00000000080033de                USBD_LL_IsStallEP
 .text.USBD_LL_SetUSBAddress
                0x0000000008003404        0xe Application/User/usbd_conf.o
                0x0000000008003404                USBD_LL_SetUSBAddress
 .text.USBD_LL_Transmit
                0x0000000008003412        0xe Application/User/usbd_conf.o
                0x0000000008003412                USBD_LL_Transmit
 .text.USBD_LL_PrepareReceive
                0x0000000008003420        0xe Application/User/usbd_conf.o
                0x0000000008003420                USBD_LL_PrepareReceive
 .text.USBD_LL_GetRxDataSize
                0x000000000800342e        0xc Application/User/usbd_conf.o
                0x000000000800342e                USBD_LL_GetRxDataSize
 *fill*         0x000000000800343a        0x2 
 .text.USBD_AUDIO_DeviceDescriptor
                0x000000000800343c        0xc Application/User/usbd_desc.o
                0x000000000800343c                USBD_AUDIO_DeviceDescriptor
 .text.USBD_AUDIO_LangIDStrDescriptor
                0x0000000008003448        0xc Application/User/usbd_desc.o
                0x0000000008003448                USBD_AUDIO_LangIDStrDescriptor
 .text.IntToUnicode
                0x0000000008003454       0x28 Application/User/usbd_desc.o
 .text.USBD_AUDIO_SerialStrDescriptor
                0x000000000800347c       0x40 Application/User/usbd_desc.o
                0x000000000800347c                USBD_AUDIO_SerialStrDescriptor
 .text.USBD_AUDIO_ManufacturerStrDescriptor
                0x00000000080034bc       0x1c Application/User/usbd_desc.o
                0x00000000080034bc                USBD_AUDIO_ManufacturerStrDescriptor
 .text.USBD_AUDIO_ProductStrDescriptor
                0x00000000080034d8       0x24 Application/User/usbd_desc.o
                0x00000000080034d8                USBD_AUDIO_ProductStrDescriptor
 .text.USBD_AUDIO_ConfigStrDescriptor
                0x00000000080034fc       0x1c Application/User/usbd_desc.o
                0x00000000080034fc                USBD_AUDIO_ConfigStrDescriptor
 .text.USBD_AUDIO_InterfaceStrDescriptor
                0x0000000008003518       0x1c Application/User/usbd_desc.o
                0x0000000008003518                USBD_AUDIO_InterfaceStrDescriptor
 .text.I2Cx_Init
                0x0000000008003534      0x16c Drivers/BSP/STM32F769I-Discovery/stm32f769i_discovery.o
 .text.I2Cx_ReadMultiple
                0x00000000080036a0       0x30 Drivers/BSP/STM32F769I-Discovery/stm32f769i_discovery.o
 .text.I2Cx_WriteMultiple
                0x00000000080036d0       0x30 Drivers/BSP/STM32F769I-Discovery/stm32f769i_discovery.o
 .text.AUDIO_IO_Init
                0x0000000008003700        0xc Drivers/BSP/STM32F769I-Discovery/stm32f769i_discovery.o
                0x0000000008003700                AUDIO_IO_Init
 .text.AUDIO_IO_DeInit
                0x000000000800370c        0x2 Drivers/BSP/STM32F769I-Discovery/stm32f769i_discovery.o
                0x000000000800370c                AUDIO_IO_DeInit
 *fill*         0x000000000800370e        0x2 
 .text.AUDIO_IO_Write
                0x0000000008003710       0x24 Drivers/BSP/STM32F769I-Discovery/stm32f769i_discovery.o
                0x0000000008003710                AUDIO_IO_Write
 .text.AUDIO_IO_Read
                0x0000000008003734       0x2c Drivers/BSP/STM32F769I-Discovery/stm32f769i_discovery.o
                0x0000000008003734                AUDIO_IO_Read
 .text.AUDIO_IO_Delay
                0x0000000008003760        0x4 Drivers/BSP/STM32F769I-Discovery/stm32f769i_discovery.o
                0x0000000008003760                AUDIO_IO_Delay
 .text.SystemInit
                0x0000000008003764       0x4c Drivers/CMSIS/system_stm32f7xx.o
                0x0000000008003764                SystemInit
 .text.HAL_MspInit
                0x00000000080037b0        0x2 Drivers/STM32F7xx_HAL_Driver/stm32f7xx_hal.o
                0x00000000080037b0                HAL_MspInit
 *fill*         0x00000000080037b2        0x2 
 .text.HAL_InitTick
                0x00000000080037b4       0x44 Drivers/STM32F7xx_HAL_Driver/stm32f7xx_hal.o
                0x00000000080037b4                HAL_InitTick
 .text.HAL_Init
                0x00000000080037f8       0x24 Drivers/STM32F7xx_HAL_Driver/stm32f7xx_hal.o
                0x00000000080037f8                HAL_Init
 .text.HAL_IncTick
                0x000000000800381c       0x18 Drivers/STM32F7xx_HAL_Driver/stm32f7xx_hal.o
                0x000000000800381c                HAL_IncTick
 .text.HAL_GetTick
                0x0000000008003834        0xc Drivers/STM32F7xx_HAL_Driver/stm32f7xx_hal.o
                0x0000000008003834                HAL_GetTick
 .text.HAL_Delay
                0x0000000008003840       0x24 Drivers/STM32F7xx_HAL_Driver/stm32f7xx_hal.o
                0x0000000008003840                HAL_Delay
 .text.HAL_NVIC_SetPriorityGrouping
                0x0000000008003864       0x24 Drivers/STM32F7xx_HAL_Driver/stm32f7xx_hal_cortex.o
                0x0000000008003864                HAL_NVIC_SetPriorityGrouping
 .text.HAL_NVIC_SetPriority
                0x0000000008003888       0x64 Drivers/STM32F7xx_HAL_Driver/stm32f7xx_hal_cortex.o
                0x0000000008003888                HAL_NVIC_SetPriority
 .text.HAL_NVIC_EnableIRQ
                0x00000000080038ec       0x1c Drivers/STM32F7xx_HAL_Driver/stm32f7xx_hal_cortex.o
                0x00000000080038ec                HAL_NVIC_EnableIRQ
 .text.HAL_NVIC_DisableIRQ
                0x0000000008003908       0x28 Drivers/STM32F7xx_HAL_Driver/stm32f7xx_hal_cortex.o
                0x0000000008003908                HAL_NVIC_DisableIRQ
 .text.HAL_SYSTICK_Config
                0x0000000008003930       0x2c Drivers/STM32F7xx_HAL_Driver/stm32f7xx_hal_cortex.o
                0x0000000008003930                HAL_SYSTICK_Config
 .text.DFSDM_RegConvStart
                0x000000000800395c       0x58 Drivers/STM32F7xx_HAL_Driver/stm32f7xx_hal_dfsdm.o
 .text.DFSDM_RegConvStop
                0x00000000080039b4       0x54 Drivers/STM32F7xx_HAL_Driver/stm32f7xx_hal_dfsdm.o
 .text.DFSDM_GetChannelFromInstance
                0x0000000008003a08       0x58 Drivers/STM32F7xx_HAL_Driver/stm32f7xx_hal_dfsdm.o
 .text.HAL_DFSDM_ChannelMspInit
                0x0000000008003a60        0x2 Drivers/STM32F7xx_HAL_Driver/stm32f7xx_hal_dfsdm.o
                0x0000000008003a60                HAL_DFSDM_ChannelMspInit
 *fill*         0x0000000008003a62        0x2 
 .text.HAL_DFSDM_ChannelInit
                0x0000000008003a64       0xe4 Drivers/STM32F7xx_HAL_Driver/stm32f7xx_hal_dfsdm.o
                0x0000000008003a64                HAL_DFSDM_ChannelInit
 .text.HAL_DFSDM_ChannelMspDeInit
                0x0000000008003b48        0x2 Drivers/STM32F7xx_HAL_Driver/stm32f7xx_hal_dfsdm.o
                0x0000000008003b48                HAL_DFSDM_ChannelMspDeInit
 *fill*         0x0000000008003b4a        0x2 
 .text.HAL_DFSDM_ChannelDeInit
                0x0000000008003b4c       0x58 Drivers/STM32F7xx_HAL_Driver/stm32f7xx_hal_dfsdm.o
                0x0000000008003b4c                HAL_DFSDM_ChannelDeInit
 .text.HAL_DFSDM_FilterMspInit
                0x0000000008003ba4        0x2 Drivers/STM32F7xx_HAL_Driver/stm32f7xx_hal_dfsdm.o
                0x0000000008003ba4                HAL_DFSDM_FilterMspInit
 *fill*         0x0000000008003ba6        0x2 
 .text.HAL_DFSDM_FilterInit
                0x0000000008003ba8       0xe4 Drivers/STM32F7xx_HAL_Driver/stm32f7xx_hal_dfsdm.o
                0x0000000008003ba8                HAL_DFSDM_FilterInit
 .text.HAL_DFSDM_FilterMspDeInit
                0x0000000008003c8c        0x2 Drivers/STM32F7xx_HAL_Driver/stm32f7xx_hal_dfsdm.o
                0x0000000008003c8c                HAL_DFSDM_FilterMspDeInit
 .text.HAL_DFSDM_FilterDeInit
                0x0000000008003c8e       0x20 Drivers/STM32F7xx_HAL_Driver/stm32f7xx_hal_dfsdm.o
                0x0000000008003c8e                HAL_DFSDM_FilterDeInit
 .text.HAL_DFSDM_FilterConfigRegChannel
                0x0000000008003cae       0x3a Drivers/STM32F7xx_HAL_Driver/stm32f7xx_hal_dfsdm.o
                0x0000000008003cae                HAL_DFSDM_FilterConfigRegChannel
 .text.HAL_DFSDM_FilterRegularStart_DMA
                0x0000000008003ce8       0x80 Drivers/STM32F7xx_HAL_Driver/stm32f7xx_hal_dfsdm.o
                0x0000000008003ce8                HAL_DFSDM_FilterRegularStart_DMA
 .text.HAL_DFSDM_FilterRegularStop_DMA
                0x0000000008003d68       0x2e Drivers/STM32F7xx_HAL_Driver/stm32f7xx_hal_dfsdm.o
                0x0000000008003d68                HAL_DFSDM_FilterRegularStop_DMA
 .text.DFSDM_DMARegularConvCplt
                0x0000000008003d96        0xa Drivers/STM32F7xx_HAL_Driver/stm32f7xx_hal_dfsdm.o
 .text.DFSDM_DMARegularHalfConvCplt
                0x0000000008003da0        0xa Drivers/STM32F7xx_HAL_Driver/stm32f7xx_hal_dfsdm.o
 .text.HAL_DFSDM_FilterErrorCallback
                0x0000000008003daa        0x2 Drivers/STM32F7xx_HAL_Driver/stm32f7xx_hal_dfsdm.o
                0x0000000008003daa                HAL_DFSDM_FilterErrorCallback
 .text.DFSDM_DMAError
                0x0000000008003dac        0xe Drivers/STM32F7xx_HAL_Driver/stm32f7xx_hal_dfsdm.o
 *fill*         0x0000000008003dba        0x2 
 .text.DMA_CalcBaseAndBitshift
                0x0000000008003dbc       0x2c Drivers/STM32F7xx_HAL_Driver/stm32f7xx_hal_dma.o
 .text.HAL_DMA_Init
                0x0000000008003de8       0xfc Drivers/STM32F7xx_HAL_Driver/stm32f7xx_hal_dma.o
                0x0000000008003de8                HAL_DMA_Init
 .text.HAL_DMA_DeInit
                0x0000000008003ee4       0x54 Drivers/STM32F7xx_HAL_Driver/stm32f7xx_hal_dma.o
                0x0000000008003ee4                HAL_DMA_DeInit
 .text.HAL_DMA_Start_IT
                0x0000000008003f38       0x7a Drivers/STM32F7xx_HAL_Driver/stm32f7xx_hal_dma.o
                0x0000000008003f38                HAL_DMA_Start_IT
 .text.HAL_DMA_Abort
                0x0000000008003fb2       0x86 Drivers/STM32F7xx_HAL_Driver/stm32f7xx_hal_dma.o
                0x0000000008003fb2                HAL_DMA_Abort
 .text.HAL_DMA_IRQHandler
                0x0000000008004038      0x17c Drivers/STM32F7xx_HAL_Driver/stm32f7xx_hal_dma.o
                0x0000000008004038                HAL_DMA_IRQHandler
 .text.HAL_GPIO_Init
                0x00000000080041b4      0x1d4 Drivers/STM32F7xx_HAL_Driver/stm32f7xx_hal_gpio.o
                0x00000000080041b4                HAL_GPIO_Init
 .text.HAL_GPIO_DeInit
                0x0000000008004388      0x148 Drivers/STM32F7xx_HAL_Driver/stm32f7xx_hal_gpio.o
                0x0000000008004388                HAL_GPIO_DeInit
 .text.I2C_Flush_TXDR
                0x00000000080044d0       0x1c Drivers/STM32F7xx_HAL_Driver/stm32f7xx_hal_i2c.o
 .text.I2C_TransferConfig
                0x00000000080044ec       0x28 Drivers/STM32F7xx_HAL_Driver/stm32f7xx_hal_i2c.o
 .text.I2C_WaitOnFlagUntilTimeout
                0x0000000008004514       0x4c Drivers/STM32F7xx_HAL_Driver/stm32f7xx_hal_i2c.o
 .text.I2C_IsAcknowledgeFailed
                0x0000000008004560       0x7a Drivers/STM32F7xx_HAL_Driver/stm32f7xx_hal_i2c.o
 .text.I2C_WaitOnTXISFlagUntilTimeout
                0x00000000080045da       0x52 Drivers/STM32F7xx_HAL_Driver/stm32f7xx_hal_i2c.o
 .text.I2C_RequestMemoryWrite
                0x000000000800462c       0x6c Drivers/STM32F7xx_HAL_Driver/stm32f7xx_hal_i2c.o
 .text.I2C_RequestMemoryRead
                0x0000000008004698       0x68 Drivers/STM32F7xx_HAL_Driver/stm32f7xx_hal_i2c.o
 .text.I2C_WaitOnSTOPFlagUntilTimeout
                0x0000000008004700       0x4e Drivers/STM32F7xx_HAL_Driver/stm32f7xx_hal_i2c.o
 .text.HAL_I2C_MspInit
                0x000000000800474e        0x2 Drivers/STM32F7xx_HAL_Driver/stm32f7xx_hal_i2c.o
                0x000000000800474e                HAL_I2C_MspInit
 .text.HAL_I2C_Init
                0x0000000008004750       0xa2 Drivers/STM32F7xx_HAL_Driver/stm32f7xx_hal_i2c.o
                0x0000000008004750                HAL_I2C_Init
 .text.HAL_I2C_MspDeInit
                0x00000000080047f2        0x2 Drivers/STM32F7xx_HAL_Driver/stm32f7xx_hal_i2c.o
                0x00000000080047f2                HAL_I2C_MspDeInit
 .text.HAL_I2C_DeInit
                0x00000000080047f4       0x32 Drivers/STM32F7xx_HAL_Driver/stm32f7xx_hal_i2c.o
                0x00000000080047f4                HAL_I2C_DeInit
 .text.HAL_I2C_Mem_Write
                0x0000000008004826      0x16a Drivers/STM32F7xx_HAL_Driver/stm32f7xx_hal_i2c.o
                0x0000000008004826                HAL_I2C_Mem_Write
 .text.HAL_I2C_Mem_Read
                0x0000000008004990      0x174 Drivers/STM32F7xx_HAL_Driver/stm32f7xx_hal_i2c.o
                0x0000000008004990                HAL_I2C_Mem_Read
 .text.HAL_I2C_GetState
                0x0000000008004b04        0x6 Drivers/STM32F7xx_HAL_Driver/stm32f7xx_hal_i2c.o
                0x0000000008004b04                HAL_I2C_GetState
 .text.HAL_PCD_Init
                0x0000000008004b0a       0xec Drivers/STM32F7xx_HAL_Driver/stm32f7xx_hal_pcd.o
                0x0000000008004b0a                HAL_PCD_Init
 .text.HAL_PCD_Start
                0x0000000008004bf6       0x2a Drivers/STM32F7xx_HAL_Driver/stm32f7xx_hal_pcd.o
                0x0000000008004bf6                HAL_PCD_Start
 .text.HAL_PCD_IRQHandler
                0x0000000008004c20      0x668 Drivers/STM32F7xx_HAL_Driver/stm32f7xx_hal_pcd.o
                0x0000000008004c20                HAL_PCD_IRQHandler
 .text.HAL_PCD_SetAddress
                0x0000000008005288       0x28 Drivers/STM32F7xx_HAL_Driver/stm32f7xx_hal_pcd.o
                0x0000000008005288                HAL_PCD_SetAddress
 .text.HAL_PCD_EP_Open
                0x00000000080052b0       0x70 Drivers/STM32F7xx_HAL_Driver/stm32f7xx_hal_pcd.o
                0x00000000080052b0                HAL_PCD_EP_Open
 .text.HAL_PCD_EP_Close
                0x0000000008005320       0x5e Drivers/STM32F7xx_HAL_Driver/stm32f7xx_hal_pcd.o
                0x0000000008005320                HAL_PCD_EP_Close
 .text.HAL_PCD_EP_Receive
                0x000000000800537e       0x48 Drivers/STM32F7xx_HAL_Driver/stm32f7xx_hal_pcd.o
                0x000000000800537e                HAL_PCD_EP_Receive
 .text.HAL_PCD_EP_GetRxCount
                0x00000000080053c6       0x10 Drivers/STM32F7xx_HAL_Driver/stm32f7xx_hal_pcd.o
                0x00000000080053c6                HAL_PCD_EP_GetRxCount
 .text.HAL_PCD_EP_Transmit
                0x00000000080053d6       0x40 Drivers/STM32F7xx_HAL_Driver/stm32f7xx_hal_pcd.o
                0x00000000080053d6                HAL_PCD_EP_Transmit
 .text.HAL_PCD_EP_SetStall
                0x0000000008005416       0x74 Drivers/STM32F7xx_HAL_Driver/stm32f7xx_hal_pcd.o
                0x0000000008005416                HAL_PCD_EP_SetStall
 .text.HAL_PCD_EP_ClrStall
                0x000000000800548a       0x6c Drivers/STM32F7xx_HAL_Driver/stm32f7xx_hal_pcd.o
                0x000000000800548a                HAL_PCD_EP_ClrStall
 .text.HAL_PCD_EP_Flush
                0x00000000080054f6       0x32 Drivers/STM32F7xx_HAL_Driver/stm32f7xx_hal_pcd.o
                0x00000000080054f6                HAL_PCD_EP_Flush
 .text.HAL_PCDEx_SetTxFiFo
                0x0000000008005528       0x40 Drivers/STM32F7xx_HAL_Driver/stm32f7xx_hal_pcd_ex.o
                0x0000000008005528                HAL_PCDEx_SetTxFiFo
 .text.HAL_PCDEx_SetRxFiFo
                0x0000000008005568        0x8 Drivers/STM32F7xx_HAL_Driver/stm32f7xx_hal_pcd_ex.o
                0x0000000008005568                HAL_PCDEx_SetRxFiFo
 .text.HAL_PCDEx_ActivateLPM
                0x0000000008005570       0x26 Drivers/STM32F7xx_HAL_Driver/stm32f7xx_hal_pcd_ex.o
                0x0000000008005570                HAL_PCDEx_ActivateLPM
 .text.HAL_PCDEx_LPM_Callback
                0x0000000008005596        0x2 Drivers/STM32F7xx_HAL_Driver/stm32f7xx_hal_pcd_ex.o
                0x0000000008005596                HAL_PCDEx_LPM_Callback
 .text.HAL_RCC_OscConfig
                0x0000000008005598      0x328 Drivers/STM32F7xx_HAL_Driver/stm32f7xx_hal_rcc.o
                0x0000000008005598                HAL_RCC_OscConfig
 .text.HAL_RCC_GetSysClockFreq
                0x00000000080058c0       0x5c Drivers/STM32F7xx_HAL_Driver/stm32f7xx_hal_rcc.o
                0x00000000080058c0                HAL_RCC_GetSysClockFreq
 .text.HAL_RCC_ClockConfig
                0x000000000800591c      0x138 Drivers/STM32F7xx_HAL_Driver/stm32f7xx_hal_rcc.o
                0x000000000800591c                HAL_RCC_ClockConfig
 .text.HAL_RCC_GetHCLKFreq
                0x0000000008005a54        0xc Drivers/STM32F7xx_HAL_Driver/stm32f7xx_hal_rcc.o
                0x0000000008005a54                HAL_RCC_GetHCLKFreq
 .text.HAL_RCCEx_PeriphCLKConfig
                0x0000000008005a60      0x55c Drivers/STM32F7xx_HAL_Driver/stm32f7xx_hal_rcc_ex.o
                0x0000000008005a60                HAL_RCCEx_PeriphCLKConfig
 .text.HAL_RCCEx_GetPeriphCLKConfig
                0x0000000008005fbc      0x180 Drivers/STM32F7xx_HAL_Driver/stm32f7xx_hal_rcc_ex.o
                0x0000000008005fbc                HAL_RCCEx_GetPeriphCLKConfig
 .text.HAL_RCCEx_GetPeriphCLKFreq
                0x000000000800613c       0xe8 Drivers/STM32F7xx_HAL_Driver/stm32f7xx_hal_rcc_ex.o
                0x000000000800613c                HAL_RCCEx_GetPeriphCLKFreq
 .text.SAI_InterruptFlag
                0x0000000008006224       0x2c Drivers/STM32F7xx_HAL_Driver/stm32f7xx_hal_sai.o
 .text.SAI_Disable
                0x0000000008006250       0x40 Drivers/STM32F7xx_HAL_Driver/stm32f7xx_hal_sai.o
 .text.HAL_SAI_MspInit
                0x0000000008006290        0x2 Drivers/STM32F7xx_HAL_Driver/stm32f7xx_hal_sai.o
                0x0000000008006290                HAL_SAI_MspInit
 *fill*         0x0000000008006292        0x2 
 .text.HAL_SAI_Init
                0x0000000008006294      0x1b4 Drivers/STM32F7xx_HAL_Driver/stm32f7xx_hal_sai.o
                0x0000000008006294                HAL_SAI_Init
 .text.HAL_SAI_MspDeInit
                0x0000000008006448        0x2 Drivers/STM32F7xx_HAL_Driver/stm32f7xx_hal_sai.o
                0x0000000008006448                HAL_SAI_MspDeInit
 .text.HAL_SAI_DeInit
                0x000000000800644a       0x40 Drivers/STM32F7xx_HAL_Driver/stm32f7xx_hal_sai.o
                0x000000000800644a                HAL_SAI_DeInit
 .text.HAL_SAI_DMAStop
                0x000000000800648a       0x94 Drivers/STM32F7xx_HAL_Driver/stm32f7xx_hal_sai.o
                0x000000000800648a                HAL_SAI_DMAStop
 *fill*         0x000000000800651e        0x2 
 .text.HAL_SAI_Receive_DMA
                0x0000000008006520       0x9c Drivers/STM32F7xx_HAL_Driver/stm32f7xx_hal_sai.o
                0x0000000008006520                HAL_SAI_Receive_DMA
 .text.SAI_DMARxCplt
                0x00000000080065bc       0x38 Drivers/STM32F7xx_HAL_Driver/stm32f7xx_hal_sai.o
 .text.SAI_DMARxHalfCplt
                0x00000000080065f4        0xa Drivers/STM32F7xx_HAL_Driver/stm32f7xx_hal_sai.o
 .text.SAI_DMAError
                0x00000000080065fe       0x44 Drivers/STM32F7xx_HAL_Driver/stm32f7xx_hal_sai.o
 .text.HAL_SAI_GetState
                0x0000000008006642        0x6 Drivers/STM32F7xx_HAL_Driver/stm32f7xx_hal_sai.o
                0x0000000008006642                HAL_SAI_GetState
 .text.USB_CoreReset
                0x0000000008006648       0x30 Drivers/STM32F7xx_HAL_Driver/stm32f7xx_ll_usb.o
 .text.USB_CoreInit
                0x0000000008006678       0x76 Drivers/STM32F7xx_HAL_Driver/stm32f7xx_ll_usb.o
                0x0000000008006678                USB_CoreInit
 .text.USB_EnableGlobalInt
                0x00000000080066ee        0xc Drivers/STM32F7xx_HAL_Driver/stm32f7xx_ll_usb.o
                0x00000000080066ee                USB_EnableGlobalInt
 .text.USB_DisableGlobalInt
                0x00000000080066fa        0xc Drivers/STM32F7xx_HAL_Driver/stm32f7xx_ll_usb.o
                0x00000000080066fa                USB_DisableGlobalInt
 .text.USB_SetCurrentMode
                0x0000000008006706       0x2e Drivers/STM32F7xx_HAL_Driver/stm32f7xx_ll_usb.o
                0x0000000008006706                USB_SetCurrentMode
 .text.USB_FlushTxFifo
                0x0000000008006734       0x24 Drivers/STM32F7xx_HAL_Driver/stm32f7xx_ll_usb.o
                0x0000000008006734                USB_FlushTxFifo
 .text.USB_FlushRxFifo
                0x0000000008006758       0x20 Drivers/STM32F7xx_HAL_Driver/stm32f7xx_ll_usb.o
                0x0000000008006758                USB_FlushRxFifo
 .text.USB_SetDevSpeed
                0x0000000008006778        0xe Drivers/STM32F7xx_HAL_Driver/stm32f7xx_ll_usb.o
                0x0000000008006778                USB_SetDevSpeed
 *fill*         0x0000000008006786        0x2 
 .text.USB_DevInit
                0x0000000008006788      0x170 Drivers/STM32F7xx_HAL_Driver/stm32f7xx_ll_usb.o
                0x0000000008006788                USB_DevInit
 .text.USB_GetDevSpeed
                0x00000000080068f8       0x1c Drivers/STM32F7xx_HAL_Driver/stm32f7xx_ll_usb.o
                0x00000000080068f8                USB_GetDevSpeed
 .text.USB_ActivateEndpoint
                0x0000000008006914       0x7c Drivers/STM32F7xx_HAL_Driver/stm32f7xx_ll_usb.o
                0x0000000008006914                USB_ActivateEndpoint
 .text.USB_DeactivateEndpoint
                0x0000000008006990       0x60 Drivers/STM32F7xx_HAL_Driver/stm32f7xx_ll_usb.o
                0x0000000008006990                USB_DeactivateEndpoint
 .text.USB_EP0StartXfer
                0x00000000080069f0       0xe8 Drivers/STM32F7xx_HAL_Driver/stm32f7xx_ll_usb.o
                0x00000000080069f0                USB_EP0StartXfer
 .text.USB_WritePacket
                0x0000000008006ad8       0x28 Drivers/STM32F7xx_HAL_Driver/stm32f7xx_ll_usb.o
                0x0000000008006ad8                USB_WritePacket
 .text.USB_EPStartXfer
                0x0000000008006b00      0x198 Drivers/STM32F7xx_HAL_Driver/stm32f7xx_ll_usb.o
                0x0000000008006b00                USB_EPStartXfer
 .text.USB_ReadPacket
                0x0000000008006c98       0x1c Drivers/STM32F7xx_HAL_Driver/stm32f7xx_ll_usb.o
                0x0000000008006c98                USB_ReadPacket
 .text.USB_EPSetStall
                0x0000000008006cb4       0x56 Drivers/STM32F7xx_HAL_Driver/stm32f7xx_ll_usb.o
                0x0000000008006cb4                USB_EPSetStall
 .text.USB_EPClearStall
                0x0000000008006d0a       0x52 Drivers/STM32F7xx_HAL_Driver/stm32f7xx_ll_usb.o
                0x0000000008006d0a                USB_EPClearStall
 .text.USB_SetDevAddress
                0x0000000008006d5c       0x20 Drivers/STM32F7xx_HAL_Driver/stm32f7xx_ll_usb.o
                0x0000000008006d5c                USB_SetDevAddress
 .text.USB_DevConnect
                0x0000000008006d7c       0x18 Drivers/STM32F7xx_HAL_Driver/stm32f7xx_ll_usb.o
                0x0000000008006d7c                USB_DevConnect
 .text.USB_DevDisconnect
                0x0000000008006d94       0x18 Drivers/STM32F7xx_HAL_Driver/stm32f7xx_ll_usb.o
                0x0000000008006d94                USB_DevDisconnect
 .text.USB_ReadInterrupts
                0x0000000008006dac        0x8 Drivers/STM32F7xx_HAL_Driver/stm32f7xx_ll_usb.o
                0x0000000008006dac                USB_ReadInterrupts
 .text.USB_ReadDevAllOutEpInterrupt
                0x0000000008006db4       0x10 Drivers/STM32F7xx_HAL_Driver/stm32f7xx_ll_usb.o
                0x0000000008006db4                USB_ReadDevAllOutEpInterrupt
 .text.USB_ReadDevAllInEpInterrupt
                0x0000000008006dc4       0x10 Drivers/STM32F7xx_HAL_Driver/stm32f7xx_ll_usb.o
                0x0000000008006dc4                USB_ReadDevAllInEpInterrupt
 .text.USB_ReadDevOutEPInterrupt
                0x0000000008006dd4       0x12 Drivers/STM32F7xx_HAL_Driver/stm32f7xx_ll_usb.o
                0x0000000008006dd4                USB_ReadDevOutEPInterrupt
 .text.USB_ReadDevInEPInterrupt
                0x0000000008006de6       0x24 Drivers/STM32F7xx_HAL_Driver/stm32f7xx_ll_usb.o
                0x0000000008006de6                USB_ReadDevInEPInterrupt
 .text.USB_GetMode
                0x0000000008006e0a        0x8 Drivers/STM32F7xx_HAL_Driver/stm32f7xx_ll_usb.o
                0x0000000008006e0a                USB_GetMode
 .text.USB_ActivateSetup
                0x0000000008006e12       0x36 Drivers/STM32F7xx_HAL_Driver/stm32f7xx_ll_usb.o
                0x0000000008006e12                USB_ActivateSetup
 .text.USB_EP0_OutStart
                0x0000000008006e48       0x40 Drivers/STM32F7xx_HAL_Driver/stm32f7xx_ll_usb.o
                0x0000000008006e48                USB_EP0_OutStart
 .text.USBD_CtlError.constprop.1
                0x0000000008006e88       0x16 Middlewares/STM32_USBD_Library/Core/usbd_ctlreq.o
 *fill*         0x0000000008006e9e        0x2 
 .text.USBD_StdDevReq
                0x0000000008006ea0      0x234 Middlewares/STM32_USBD_Library/Core/usbd_ctlreq.o
                0x0000000008006ea0                USBD_StdDevReq
 .text.USBD_StdItfReq
                0x00000000080070d4       0x4a Middlewares/STM32_USBD_Library/Core/usbd_ctlreq.o
                0x00000000080070d4                USBD_StdItfReq
 .text.USBD_StdEPReq
                0x000000000800711e      0x112 Middlewares/STM32_USBD_Library/Core/usbd_ctlreq.o
                0x000000000800711e                USBD_StdEPReq
 .text.USBD_ParseSetupRequest
                0x0000000008007230       0x28 Middlewares/STM32_USBD_Library/Core/usbd_ctlreq.o
                0x0000000008007230                USBD_ParseSetupRequest
 .text.USBD_CtlError
                0x0000000008007258       0x16 Middlewares/STM32_USBD_Library/Core/usbd_ctlreq.o
                0x0000000008007258                USBD_CtlError
 .text.USBD_GetString
                0x000000000800726e       0x38 Middlewares/STM32_USBD_Library/Core/usbd_ctlreq.o
                0x000000000800726e                USBD_GetString
 .text.USBD_CtlSendData
                0x00000000080072a6       0x1a Middlewares/STM32_USBD_Library/Core/usbd_ioreq.o
                0x00000000080072a6                USBD_CtlSendData
 .text.USBD_CtlContinueSendData
                0x00000000080072c0       0x10 Middlewares/STM32_USBD_Library/Core/usbd_ioreq.o
                0x00000000080072c0                USBD_CtlContinueSendData
 .text.USBD_CtlPrepareRx
                0x00000000080072d0       0x1e Middlewares/STM32_USBD_Library/Core/usbd_ioreq.o
                0x00000000080072d0                USBD_CtlPrepareRx
 .text.USBD_CtlContinueRx
                0x00000000080072ee       0x10 Middlewares/STM32_USBD_Library/Core/usbd_ioreq.o
                0x00000000080072ee                USBD_CtlContinueRx
 .text.USBD_CtlSendStatus
                0x00000000080072fe       0x16 Middlewares/STM32_USBD_Library/Core/usbd_ioreq.o
                0x00000000080072fe                USBD_CtlSendStatus
 .text.USBD_CtlReceiveStatus
                0x0000000008007314       0x16 Middlewares/STM32_USBD_Library/Core/usbd_ioreq.o
                0x0000000008007314                USBD_CtlReceiveStatus
 *fill*         0x000000000800732a        0x2 
 .text.__libc_init_array
                0x000000000800732c       0x48 /opt/st/stm32cubeide_1.4.0/plugins/com.st.stm32cube.ide.mcu.externaltools.gnu-tools-for-stm32.7-2018-q2-update.linux64_1.4.0.202007081208/tools/bin/../lib/gcc/arm-none-eabi/7.3.1/../../../../arm-none-eabi/lib/thumb/v7e-m/fpv5/hard/libc_nano.a(lib_a-init.o)
                0x000000000800732c                __libc_init_array
 .text.malloc   0x0000000008007374       0x10 /opt/st/stm32cubeide_1.4.0/plugins/com.st.stm32cube.ide.mcu.externaltools.gnu-tools-for-stm32.7-2018-q2-update.linux64_1.4.0.202007081208/tools/bin/../lib/gcc/arm-none-eabi/7.3.1/../../../../arm-none-eabi/lib/thumb/v7e-m/fpv5/hard/libc_nano.a(lib_a-malloc.o)
                0x0000000008007374                malloc
 .text.free     0x0000000008007384       0x10 /opt/st/stm32cubeide_1.4.0/plugins/com.st.stm32cube.ide.mcu.externaltools.gnu-tools-for-stm32.7-2018-q2-update.linux64_1.4.0.202007081208/tools/bin/../lib/gcc/arm-none-eabi/7.3.1/../../../../arm-none-eabi/lib/thumb/v7e-m/fpv5/hard/libc_nano.a(lib_a-malloc.o)
                0x0000000008007384                free
 .text.memcpy   0x0000000008007394       0x16 /opt/st/stm32cubeide_1.4.0/plugins/com.st.stm32cube.ide.mcu.externaltools.gnu-tools-for-stm32.7-2018-q2-update.linux64_1.4.0.202007081208/tools/bin/../lib/gcc/arm-none-eabi/7.3.1/../../../../arm-none-eabi/lib/thumb/v7e-m/fpv5/hard/libc_nano.a(lib_a-memcpy-stub.o)
                0x0000000008007394                memcpy
 .text.memset   0x00000000080073aa       0x10 /opt/st/stm32cubeide_1.4.0/plugins/com.st.stm32cube.ide.mcu.externaltools.gnu-tools-for-stm32.7-2018-q2-update.linux64_1.4.0.202007081208/tools/bin/../lib/gcc/arm-none-eabi/7.3.1/../../../../arm-none-eabi/lib/thumb/v7e-m/fpv5/hard/libc_nano.a(lib_a-memset.o)
                0x00000000080073aa                memset
 *fill*         0x00000000080073ba        0x2 
 .text._free_r  0x00000000080073bc       0x9c /opt/st/stm32cubeide_1.4.0/plugins/com.st.stm32cube.ide.mcu.externaltools.gnu-tools-for-stm32.7-2018-q2-update.linux64_1.4.0.202007081208/tools/bin/../lib/gcc/arm-none-eabi/7.3.1/../../../../arm-none-eabi/lib/thumb/v7e-m/fpv5/hard/libc_nano.a(lib_a-nano-freer.o)
                0x00000000080073bc                _free_r
 .text._malloc_r
                0x0000000008007458       0xb4 /opt/st/stm32cubeide_1.4.0/plugins/com.st.stm32cube.ide.mcu.externaltools.gnu-tools-for-stm32.7-2018-q2-update.linux64_1.4.0.202007081208/tools/bin/../lib/gcc/arm-none-eabi/7.3.1/../../../../arm-none-eabi/lib/thumb/v7e-m/fpv5/hard/libc_nano.a(lib_a-nano-mallocr.o)
                0x0000000008007458                _malloc_r
 .text._sbrk_r  0x000000000800750c       0x20 /opt/st/stm32cubeide_1.4.0/plugins/com.st.stm32cube.ide.mcu.externaltools.gnu-tools-for-stm32.7-2018-q2-update.linux64_1.4.0.202007081208/tools/bin/../lib/gcc/arm-none-eabi/7.3.1/../../../../arm-none-eabi/lib/thumb/v7e-m/fpv5/hard/libc_nano.a(lib_a-sbrkr.o)
                0x000000000800750c                _sbrk_r
 .text.__malloc_lock
                0x000000000800752c        0x2 /opt/st/stm32cubeide_1.4.0/plugins/com.st.stm32cube.ide.mcu.externaltools.gnu-tools-for-stm32.7-2018-q2-update.linux64_1.4.0.202007081208/tools/bin/../lib/gcc/arm-none-eabi/7.3.1/../../../../arm-none-eabi/lib/thumb/v7e-m/fpv5/hard/libc_nano.a(lib_a-mlock.o)
                0x000000000800752c                __malloc_lock
 .text.__malloc_unlock
                0x000000000800752e        0x2 /opt/st/stm32cubeide_1.4.0/plugins/com.st.stm32cube.ide.mcu.externaltools.gnu-tools-for-stm32.7-2018-q2-update.linux64_1.4.0.202007081208/tools/bin/../lib/gcc/arm-none-eabi/7.3.1/../../../../arm-none-eabi/lib/thumb/v7e-m/fpv5/hard/libc_nano.a(lib_a-mlock.o)
                0x000000000800752e                __malloc_unlock
 .text._sbrk    0x0000000008007530       0x1c /opt/st/stm32cubeide_1.4.0/plugins/com.st.stm32cube.ide.mcu.externaltools.gnu-tools-for-stm32.7-2018-q2-update.linux64_1.4.0.202007081208/tools/bin/../lib/gcc/arm-none-eabi/7.3.1/../../../../arm-none-eabi/lib/thumb/v7e-m/fpv5/hard/libnosys.a(sbrk.o)
                0x0000000008007530                _sbrk
 *(.glue_7)
 .glue_7        0x000000000800754c        0x0 linker stubs
 *(.glue_7t)
 .glue_7t       0x000000000800754c        0x0 linker stubs
 *(.eh_frame)
 .eh_frame      0x000000000800754c        0x0 /opt/st/stm32cubeide_1.4.0/plugins/com.st.stm32cube.ide.mcu.externaltools.gnu-tools-for-stm32.7-2018-q2-update.linux64_1.4.0.202007081208/tools/bin/../lib/gcc/arm-none-eabi/7.3.1/thumb/v7e-m/fpv5/hard/crtbegin.o
 *(.init)
 .init          0x000000000800754c        0x4 /opt/st/stm32cubeide_1.4.0/plugins/com.st.stm32cube.ide.mcu.externaltools.gnu-tools-for-stm32.7-2018-q2-update.linux64_1.4.0.202007081208/tools/bin/../lib/gcc/arm-none-eabi/7.3.1/thumb/v7e-m/fpv5/hard/crti.o
                0x000000000800754c                _init
 .init          0x0000000008007550        0x8 /opt/st/stm32cubeide_1.4.0/plugins/com.st.stm32cube.ide.mcu.externaltools.gnu-tools-for-stm32.7-2018-q2-update.linux64_1.4.0.202007081208/tools/bin/../lib/gcc/arm-none-eabi/7.3.1/thumb/v7e-m/fpv5/hard/crtn.o
 *(.fini)
 .fini          0x0000000008007558        0x4 /opt/st/stm32cubeide_1.4.0/plugins/com.st.stm32cube.ide.mcu.externaltools.gnu-tools-for-stm32.7-2018-q2-update.linux64_1.4.0.202007081208/tools/bin/../lib/gcc/arm-none-eabi/7.3.1/thumb/v7e-m/fpv5/hard/crti.o
                0x0000000008007558                _fini
 .fini          0x000000000800755c        0x8 /opt/st/stm32cubeide_1.4.0/plugins/com.st.stm32cube.ide.mcu.externaltools.gnu-tools-for-stm32.7-2018-q2-update.linux64_1.4.0.202007081208/tools/bin/../lib/gcc/arm-none-eabi/7.3.1/thumb/v7e-m/fpv5/hard/crtn.o
                0x0000000008007564                . = ALIGN (0x4)
                0x0000000008007564                _etext = .

.vfp11_veneer   0x0000000008007564        0x0
 .vfp11_veneer  0x0000000008007564        0x0 linker stubs

.v4_bx          0x0000000008007564        0x0
 .v4_bx         0x0000000008007564        0x0 linker stubs

.iplt           0x0000000008007564        0x0
 .iplt          0x0000000008007564        0x0 /opt/st/stm32cubeide_1.4.0/plugins/com.st.stm32cube.ide.mcu.externaltools.gnu-tools-for-stm32.7-2018-q2-update.linux64_1.4.0.202007081208/tools/bin/../lib/gcc/arm-none-eabi/7.3.1/thumb/v7e-m/fpv5/hard/crtbegin.o

.rodata         0x0000000008007564       0x94
                0x0000000008007564                . = ALIGN (0x4)
 *(.rodata)
 .rodata        0x0000000008007564       0x18 Drivers/CMSIS/system_stm32f7xx.o
                0x0000000008007564                AHBPrescTable
                0x0000000008007574                APBPrescTable
 .rodata        0x000000000800757c        0x8 Drivers/STM32F7xx_HAL_Driver/stm32f7xx_hal_dma.o
 *(.rodata*)
 .rodata.str1.1
                0x0000000008007584       0x72 Application/User/usbd_desc.o
                0x00000000080075f8                . = ALIGN (0x4)
 *fill*         0x00000000080075f6        0x2 

.ARM.extab
 *(.ARM.extab* .gnu.linkonce.armextab.*)

.ARM            0x00000000080075f8        0x8
                0x00000000080075f8                __exidx_start = .
 *(.ARM.exidx*)
 .ARM.exidx     0x00000000080075f8        0x8 /opt/st/stm32cubeide_1.4.0/plugins/com.st.stm32cube.ide.mcu.externaltools.gnu-tools-for-stm32.7-2018-q2-update.linux64_1.4.0.202007081208/tools/bin/../lib/gcc/arm-none-eabi/7.3.1/thumb/v7e-m/fpv5/hard/libgcc.a(_udivmoddi4.o)
                0x0000000008007600                __exidx_end = .

.rel.dyn        0x0000000008007600        0x0
 .rel.iplt      0x0000000008007600        0x0 /opt/st/stm32cubeide_1.4.0/plugins/com.st.stm32cube.ide.mcu.externaltools.gnu-tools-for-stm32.7-2018-q2-update.linux64_1.4.0.202007081208/tools/bin/../lib/gcc/arm-none-eabi/7.3.1/thumb/v7e-m/fpv5/hard/crtbegin.o

.preinit_array  0x0000000008007600        0x0
                0x0000000008007600                PROVIDE (__preinit_array_start = .)
 *(.preinit_array*)
                0x0000000008007600                PROVIDE (__preinit_array_end = .)

.init_array     0x0000000008007600        0x4
                0x0000000008007600                PROVIDE (__init_array_start = .)
 *(SORT_BY_NAME(.init_array.*))
 *(.init_array*)
 .init_array    0x0000000008007600        0x4 /opt/st/stm32cubeide_1.4.0/plugins/com.st.stm32cube.ide.mcu.externaltools.gnu-tools-for-stm32.7-2018-q2-update.linux64_1.4.0.202007081208/tools/bin/../lib/gcc/arm-none-eabi/7.3.1/thumb/v7e-m/fpv5/hard/crtbegin.o
                0x0000000008007604                PROVIDE (__init_array_end = .)

.fini_array     0x0000000008007604        0x4
                [!provide]                        PROVIDE (__fini_array_start = .)
 *(SORT_BY_NAME(.fini_array.*))
 *(.fini_array*)
 .fini_array    0x0000000008007604        0x4 /opt/st/stm32cubeide_1.4.0/plugins/com.st.stm32cube.ide.mcu.externaltools.gnu-tools-for-stm32.7-2018-q2-update.linux64_1.4.0.202007081208/tools/bin/../lib/gcc/arm-none-eabi/7.3.1/thumb/v7e-m/fpv5/hard/crtbegin.o
                [!provide]                        PROVIDE (__fini_array_end = .)
                0x0000000008007608                _sidata = LOADADDR (.data)

.data           0x0000000020000000      0x1bc load address 0x0000000008007608
                0x0000000020000000                . = ALIGN (0x4)
                0x0000000020000000                _sdata = .
 *(.data)
 .data          0x0000000020000000       0x44 Application/Common/Middlewares/ST/STM32_USB_Device_Library/Class/AUDIO_10/usbd_audio.o
                0x000000002000000c                USBD_AUDIO
 .data          0x0000000020000044       0x6e Application/Common/Streaming/usbd_audio_10_config_descriptors.o
 *fill*         0x00000000200000b2        0x2 
 .data          0x00000000200000b4       0x14 Application/Common/Streaming/usbd_audio_if.o
                0x00000000200000b4                audio_class_interface
 .data          0x00000000200000c8       0x30 Application/Extension/Drivers/BSP/Components/wm8994/wm8994_ex.o
                0x00000000200000c8                wm8994_drv
 .data          0x00000000200000f8        0x3 Application/Extension/Drivers/BSP/STM32F769I-DISCOVERY/stm32f769i_discovery_audio_ex.o
                0x00000000200000f8                AudioOutResByte
                0x00000000200000f9                AudioOutResBit
 *fill*         0x00000000200000fb        0x1 
 .data          0x00000000200000fc       0x50 Application/User/usbd_desc.o
                0x00000000200000fc                USBD_DeviceDesc
                0x0000000020000110                USBD_LangIDDesc
                0x0000000020000114                USBD_StringSerial
                0x0000000020000130                AUDIO_Desc
 .data          0x000000002000014c        0x4 Drivers/CMSIS/system_stm32f7xx.o
                0x000000002000014c                SystemCoreClock
 .data          0x0000000020000150        0x8 Drivers/STM32F7xx_HAL_Driver/stm32f7xx_hal.o
                0x0000000020000150                uwTickFreq
                0x0000000020000154                uwTickPrio
 *(.data*)
 .data._impure_ptr
                0x0000000020000158        0x4 /opt/st/stm32cubeide_1.4.0/plugins/com.st.stm32cube.ide.mcu.externaltools.gnu-tools-for-stm32.7-2018-q2-update.linux64_1.4.0.202007081208/tools/bin/../lib/gcc/arm-none-eabi/7.3.1/../../../../arm-none-eabi/lib/thumb/v7e-m/fpv5/hard/libc_nano.a(lib_a-impure.o)
                0x0000000020000158                _impure_ptr
 .data.impure_data
                0x000000002000015c       0x60 /opt/st/stm32cubeide_1.4.0/plugins/com.st.stm32cube.ide.mcu.externaltools.gnu-tools-for-stm32.7-2018-q2-update.linux64_1.4.0.202007081208/tools/bin/../lib/gcc/arm-none-eabi/7.3.1/../../../../arm-none-eabi/lib/thumb/v7e-m/fpv5/hard/libc_nano.a(lib_a-impure.o)
                0x00000000200001bc                . = ALIGN (0x4)
                0x00000000200001bc                _edata = .

.igot.plt       0x00000000200001bc        0x0 load address 0x00000000080077c4
 .igot.plt      0x00000000200001bc        0x0 /opt/st/stm32cubeide_1.4.0/plugins/com.st.stm32cube.ide.mcu.externaltools.gnu-tools-for-stm32.7-2018-q2-update.linux64_1.4.0.202007081208/tools/bin/../lib/gcc/arm-none-eabi/7.3.1/thumb/v7e-m/fpv5/hard/crtbegin.o
                0x00000000200001bc                . = ALIGN (0x4)

.bss            0x00000000200001bc     0x1294 load address 0x00000000080077c4
                0x00000000200001bc                _sbss = .
                0x00000000200001bc                __bss_start__ = _sbss
 *(.bss)
 .bss           0x00000000200001bc       0x1c /opt/st/stm32cubeide_1.4.0/plugins/com.st.stm32cube.ide.mcu.externaltools.gnu-tools-for-stm32.7-2018-q2-update.linux64_1.4.0.202007081208/tools/bin/../lib/gcc/arm-none-eabi/7.3.1/thumb/v7e-m/fpv5/hard/crtbegin.o
 .bss           0x00000000200001d8        0x8 Application/Common/Middlewares/ST/STM32_USB_Device_Library/Class/AUDIO_10/usbd_audio.o
 .bss           0x00000000200001e0      0x420 Application/Common/Streaming/audio_usb_recording_session.o
 .bss           0x0000000020000600        0x8 Application/Extension/Drivers/BSP/Components/wm8994/wm8994_ex.o
 .bss           0x0000000020000608       0xf8 Application/Extension/Drivers/BSP/STM32F769I-DISCOVERY/stm32f769i_discovery_audio_ex.o
 .bss           0x0000000020000700        0x4 Application/User/audio_mic_node.o
 .bss           0x0000000020000704       0x98 Drivers/BSP/STM32F769I-Discovery/stm32f769i_discovery.o
 .bss           0x000000002000079c       0x24 Drivers/STM32F7xx_HAL_Driver/stm32f7xx_hal_dfsdm.o
                0x000000002000079c                a_dfsdm1ChannelHandle
                0x00000000200007bc                v_dfsdm1ChannelCounter
 .bss           0x00000000200007c0        0x1 Middlewares/STM32_USBD_Library/Core/usbd_ctlreq.o
 *(.bss*)
 *fill*         0x00000000200007c1        0x3 
 .bss.__malloc_free_list
                0x00000000200007c4        0x4 /opt/st/stm32cubeide_1.4.0/plugins/com.st.stm32cube.ide.mcu.externaltools.gnu-tools-for-stm32.7-2018-q2-update.linux64_1.4.0.202007081208/tools/bin/../lib/gcc/arm-none-eabi/7.3.1/../../../../arm-none-eabi/lib/thumb/v7e-m/fpv5/hard/libc_nano.a(lib_a-nano-mallocr.o)
                0x00000000200007c4                __malloc_free_list
 .bss.__malloc_sbrk_start
                0x00000000200007c8        0x4 /opt/st/stm32cubeide_1.4.0/plugins/com.st.stm32cube.ide.mcu.externaltools.gnu-tools-for-stm32.7-2018-q2-update.linux64_1.4.0.202007081208/tools/bin/../lib/gcc/arm-none-eabi/7.3.1/../../../../arm-none-eabi/lib/thumb/v7e-m/fpv5/hard/libc_nano.a(lib_a-nano-mallocr.o)
                0x00000000200007c8                __malloc_sbrk_start
 .bss.heap_end.5377
                0x00000000200007cc        0x4 /opt/st/stm32cubeide_1.4.0/plugins/com.st.stm32cube.ide.mcu.externaltools.gnu-tools-for-stm32.7-2018-q2-update.linux64_1.4.0.202007081208/tools/bin/../lib/gcc/arm-none-eabi/7.3.1/../../../../arm-none-eabi/lib/thumb/v7e-m/fpv5/hard/libnosys.a(sbrk.o)
 *(COMMON)
 COMMON         0x00000000200007d0       0x20 Application/Common/Streaming/usbd_audio_if.o
                0x00000000200007d0                USB_AudioRecordingSession
 COMMON         0x00000000200007f0      0x4bc Application/Extension/Drivers/BSP/STM32F769I-DISCOVERY/stm32f769i_discovery_audio_ex.o
                0x00000000200007f0                hAudioInButtomRightFilter
                0x0000000020000844                haudio_in_sai
                0x00000000200008c8                hDmaButtomLeft
                0x0000000020000928                haudio_out_sai
                0x00000000200009ac                hAudioInTopLeftFilter
                0x0000000020000a00                hDmaTopRight
                0x0000000020000a60                audio_drv
                0x0000000020000a64                hDmaTopLeft
                0x0000000020000ac4                hAudioInTopLeftChannel
                0x0000000020000afc                hAudioInTopRightChannel
                0x0000000020000b34                hAudioInButtomLeftFilter
                0x0000000020000b88                hAudioInButtomRightChannel
                0x0000000020000bc0                hAudioInTopRightFilter
                0x0000000020000c14                hAudioInButtomLeftChannel
                0x0000000020000c4c                hDmaButtomRight
 COMMON         0x0000000020000cac      0x29c Application/User/main.o
                0x0000000020000cac                USBD_Device
 COMMON         0x0000000020000f48      0x400 Application/User/usbd_conf.o
                0x0000000020000f48                hpcd
 COMMON         0x0000000020001348      0x100 Application/User/usbd_desc.o
                0x0000000020001348                USBD_StrDesc
 COMMON         0x0000000020001448        0x4 Drivers/STM32F7xx_HAL_Driver/stm32f7xx_hal.o
                0x0000000020001448                uwTick
 COMMON         0x000000002000144c        0x4 /opt/st/stm32cubeide_1.4.0/plugins/com.st.stm32cube.ide.mcu.externaltools.gnu-tools-for-stm32.7-2018-q2-update.linux64_1.4.0.202007081208/tools/bin/../lib/gcc/arm-none-eabi/7.3.1/../../../../arm-none-eabi/lib/thumb/v7e-m/fpv5/hard/libc_nano.a(lib_a-reent.o)
                0x000000002000144c                errno
                0x0000000020001450                . = ALIGN (0x4)
                0x0000000020001450                _ebss = .
                0x0000000020001450                __bss_end__ = _ebss

._user_heap_stack
                0x0000000020001450     0x3800 load address 0x00000000080077c4
                0x0000000020001450                . = ALIGN (0x8)
                0x0000000020001450                PROVIDE (end = .)
                [!provide]                        PROVIDE (_end = .)
                0x0000000020004450                . = (. + _Min_Heap_Size)
 *fill*         0x0000000020001450     0x3000 
                0x0000000020004c50                . = (. + _Min_Stack_Size)
 *fill*         0x0000000020004450      0x800 
                0x0000000020004c50                . = ALIGN (0x8)

/DISCARD/
 libc.a(*)
 libm.a(*)
 libgcc.a(*)

.ARM.attributes
                0x0000000000000000       0x2e
 *(.ARM.attributes)
 .ARM.attributes
                0x0000000000000000       0x20 /opt/st/stm32cubeide_1.4.0/plugins/com.st.stm32cube.ide.mcu.externaltools.gnu-tools-for-stm32.7-2018-q2-update.linux64_1.4.0.202007081208/tools/bin/../lib/gcc/arm-none-eabi/7.3.1/thumb/v7e-m/fpv5/hard/crti.o
 .ARM.attributes
                0x0000000000000020       0x32 /opt/st/stm32cubeide_1.4.0/plugins/com.st.stm32cube.ide.mcu.externaltools.gnu-tools-for-stm32.7-2018-q2-update.linux64_1.4.0.202007081208/tools/bin/../lib/gcc/arm-none-eabi/7.3.1/thumb/v7e-m/fpv5/hard/crtbegin.o
 .ARM.attributes
                0x0000000000000052       0x37 Application/Common/Middlewares/ST/STM32_USB_Device_Library/Class/AUDIO_10/usbd_audio.o
 .ARM.attributes
                0x0000000000000089       0x37 Application/Common/Middlewares/ST/STM32_USB_Device_Library/Core/usbd_core_ex.o
 .ARM.attributes
                0x00000000000000c0       0x37 Application/Common/Streaming/audio_usb_nodes.o
 .ARM.attributes
                0x00000000000000f7       0x37 Application/Common/Streaming/audio_usb_recording_session.o
 .ARM.attributes
                0x000000000000012e       0x37 Application/Common/Streaming/usbd_audio_10_config_descriptors.o
 .ARM.attributes
                0x0000000000000165       0x37 Application/Common/Streaming/usbd_audio_if.o
 .ARM.attributes
                0x000000000000019c       0x37 Application/Extension/Drivers/BSP/Components/wm8994/wm8994_ex.o
 .ARM.attributes
                0x00000000000001d3       0x37 Application/Extension/Drivers/BSP/STM32F769I-DISCOVERY/stm32f769i_discovery_audio_ex.o
 .ARM.attributes
                0x000000000000020a       0x21 Application/SW4STM32/startup_stm32f769xx.o
 .ARM.attributes
                0x000000000000022b       0x37 Application/User/audio_mic_node.o
 .ARM.attributes
                0x0000000000000262       0x37 Application/User/main.o
 .ARM.attributes
                0x0000000000000299       0x37 Application/User/stm32f7xx_it.o
 .ARM.attributes
                0x00000000000002d0       0x37 Application/User/usbd_conf.o
 .ARM.attributes
                0x0000000000000307       0x37 Application/User/usbd_desc.o
 .ARM.attributes
                0x000000000000033e       0x37 Drivers/BSP/STM32F769I-Discovery/stm32f769i_discovery.o
 .ARM.attributes
                0x0000000000000375       0x37 Drivers/CMSIS/system_stm32f7xx.o
 .ARM.attributes
                0x00000000000003ac       0x37 Drivers/STM32F7xx_HAL_Driver/stm32f7xx_hal.o
 .ARM.attributes
                0x00000000000003e3       0x37 Drivers/STM32F7xx_HAL_Driver/stm32f7xx_hal_cortex.o
 .ARM.attributes
                0x000000000000041a       0x37 Drivers/STM32F7xx_HAL_Driver/stm32f7xx_hal_dfsdm.o
 .ARM.attributes
                0x0000000000000451       0x37 Drivers/STM32F7xx_HAL_Driver/stm32f7xx_hal_dma.o
 .ARM.attributes
                0x0000000000000488       0x37 Drivers/STM32F7xx_HAL_Driver/stm32f7xx_hal_gpio.o
 .ARM.attributes
                0x00000000000004bf       0x37 Drivers/STM32F7xx_HAL_Driver/stm32f7xx_hal_i2c.o
 .ARM.attributes
                0x00000000000004f6       0x37 Drivers/STM32F7xx_HAL_Driver/stm32f7xx_hal_pcd.o
 .ARM.attributes
                0x000000000000052d       0x37 Drivers/STM32F7xx_HAL_Driver/stm32f7xx_hal_pcd_ex.o
 .ARM.attributes
                0x0000000000000564       0x37 Drivers/STM32F7xx_HAL_Driver/stm32f7xx_hal_rcc.o
 .ARM.attributes
                0x000000000000059b       0x37 Drivers/STM32F7xx_HAL_Driver/stm32f7xx_hal_rcc_ex.o
 .ARM.attributes
                0x00000000000005d2       0x37 Drivers/STM32F7xx_HAL_Driver/stm32f7xx_hal_sai.o
 .ARM.attributes
                0x0000000000000609       0x37 Drivers/STM32F7xx_HAL_Driver/stm32f7xx_ll_usb.o
 .ARM.attributes
                0x0000000000000640       0x37 Middlewares/STM32_USBD_Library/Core/usbd_ctlreq.o
 .ARM.attributes
                0x0000000000000677       0x37 Middlewares/STM32_USBD_Library/Core/usbd_ioreq.o
 .ARM.attributes
                0x00000000000006ae       0x32 /opt/st/stm32cubeide_1.4.0/plugins/com.st.stm32cube.ide.mcu.externaltools.gnu-tools-for-stm32.7-2018-q2-update.linux64_1.4.0.202007081208/tools/bin/../lib/gcc/arm-none-eabi/7.3.1/../../../../arm-none-eabi/lib/thumb/v7e-m/fpv5/hard/libc_nano.a(lib_a-impure.o)
 .ARM.attributes
                0x00000000000006e0       0x32 /opt/st/stm32cubeide_1.4.0/plugins/com.st.stm32cube.ide.mcu.externaltools.gnu-tools-for-stm32.7-2018-q2-update.linux64_1.4.0.202007081208/tools/bin/../lib/gcc/arm-none-eabi/7.3.1/../../../../arm-none-eabi/lib/thumb/v7e-m/fpv5/hard/libc_nano.a(lib_a-init.o)
 .ARM.attributes
                0x0000000000000712       0x32 /opt/st/stm32cubeide_1.4.0/plugins/com.st.stm32cube.ide.mcu.externaltools.gnu-tools-for-stm32.7-2018-q2-update.linux64_1.4.0.202007081208/tools/bin/../lib/gcc/arm-none-eabi/7.3.1/../../../../arm-none-eabi/lib/thumb/v7e-m/fpv5/hard/libc_nano.a(lib_a-malloc.o)
 .ARM.attributes
                0x0000000000000744       0x32 /opt/st/stm32cubeide_1.4.0/plugins/com.st.stm32cube.ide.mcu.externaltools.gnu-tools-for-stm32.7-2018-q2-update.linux64_1.4.0.202007081208/tools/bin/../lib/gcc/arm-none-eabi/7.3.1/../../../../arm-none-eabi/lib/thumb/v7e-m/fpv5/hard/libc_nano.a(lib_a-memcpy-stub.o)
 .ARM.attributes
                0x0000000000000776       0x32 /opt/st/stm32cubeide_1.4.0/plugins/com.st.stm32cube.ide.mcu.externaltools.gnu-tools-for-stm32.7-2018-q2-update.linux64_1.4.0.202007081208/tools/bin/../lib/gcc/arm-none-eabi/7.3.1/../../../../arm-none-eabi/lib/thumb/v7e-m/fpv5/hard/libc_nano.a(lib_a-memset.o)
 .ARM.attributes
                0x00000000000007a8       0x32 /opt/st/stm32cubeide_1.4.0/plugins/com.st.stm32cube.ide.mcu.externaltools.gnu-tools-for-stm32.7-2018-q2-update.linux64_1.4.0.202007081208/tools/bin/../lib/gcc/arm-none-eabi/7.3.1/../../../../arm-none-eabi/lib/thumb/v7e-m/fpv5/hard/libc_nano.a(lib_a-nano-freer.o)
 .ARM.attributes
                0x00000000000007da       0x32 /opt/st/stm32cubeide_1.4.0/plugins/com.st.stm32cube.ide.mcu.externaltools.gnu-tools-for-stm32.7-2018-q2-update.linux64_1.4.0.202007081208/tools/bin/../lib/gcc/arm-none-eabi/7.3.1/../../../../arm-none-eabi/lib/thumb/v7e-m/fpv5/hard/libc_nano.a(lib_a-nano-mallocr.o)
 .ARM.attributes
                0x000000000000080c       0x32 /opt/st/stm32cubeide_1.4.0/plugins/com.st.stm32cube.ide.mcu.externaltools.gnu-tools-for-stm32.7-2018-q2-update.linux64_1.4.0.202007081208/tools/bin/../lib/gcc/arm-none-eabi/7.3.1/../../../../arm-none-eabi/lib/thumb/v7e-m/fpv5/hard/libc_nano.a(lib_a-sbrkr.o)
 .ARM.attributes
                0x000000000000083e       0x32 /opt/st/stm32cubeide_1.4.0/plugins/com.st.stm32cube.ide.mcu.externaltools.gnu-tools-for-stm32.7-2018-q2-update.linux64_1.4.0.202007081208/tools/bin/../lib/gcc/arm-none-eabi/7.3.1/../../../../arm-none-eabi/lib/thumb/v7e-m/fpv5/hard/libc_nano.a(lib_a-mlock.o)
 .ARM.attributes
                0x0000000000000870       0x32 /opt/st/stm32cubeide_1.4.0/plugins/com.st.stm32cube.ide.mcu.externaltools.gnu-tools-for-stm32.7-2018-q2-update.linux64_1.4.0.202007081208/tools/bin/../lib/gcc/arm-none-eabi/7.3.1/../../../../arm-none-eabi/lib/thumb/v7e-m/fpv5/hard/libc_nano.a(lib_a-reent.o)
 .ARM.attributes