stm32f769i_discovery_audio_ex.c:966:13:SAIx_Out_DeInit	0	static
stm32f769i_discovery_audio_ex.c:1097:13:SAIx_In_DeInit	8	static
stm32f769i_discovery_audio_ex.c:329:9:BSP_AUDIO_OUT_Play	16	static
stm32f769i_discovery_audio_ex.c:351:6:BSP_AUDIO_OUT_ChangeBuffer	0	static
stm32f769i_discovery_audio_ex.c:364:9:BSP_AUDIO_OUT_Pause	8	static
stm32f769i_discovery_audio_ex.c:388:9:BSP_AUDIO_OUT_Resume	8	static
stm32f769i_discovery_audio_ex.c:414:9:BSP_AUDIO_OUT_Stop	16	static
stm32f769i_discovery_audio_ex.c:442:9:BSP_AUDIO_OUT_SetVolume	8	static
stm32f769i_discovery_audio_ex.c:462:9:BSP_AUDIO_OUT_SetMute	8	static
stm32f769i_discovery_audio_ex.c:483:9:BSP_AUDIO_OUT_SetOutputMode	8	static
stm32f769i_discovery_audio_ex.c:532:6:BSP_AUDIO_OUT_SetAudioFrameSlot	8	static
stm32f769i_discovery_audio_ex.c:601:13:BSP_AUDIO_OUT_TransferComplete_CallBack	0	static
stm32f769i_discovery_audio_ex.c:561:6:HAL_SAI_TxCpltCallback	8	static
stm32f769i_discovery_audio_ex.c:609:13:BSP_AUDIO_OUT_HalfTransfer_CallBack	0	static
stm32f769i_discovery_audio_ex.c:573:6:HAL_SAI_TxHalfCpltCallback	8	static
stm32f769i_discovery_audio_ex.c:617:13:BSP_AUDIO_OUT_Error_CallBack	0	static
stm32f769i_discovery_audio_ex.c:627:13:BSP_AUDIO_OUT_MspInit	56	static
stm32f769i_discovery_audio_ex.c:809:13:BSP_AUDIO_OUT_MspDeInit	8	static
stm32f769i_discovery_audio_ex.c:549:6:BSP_AUDIO_OUT_DeInit	8	static
stm32f769i_discovery_audio_ex.c:848:13:BSP_AUDIO_OUT_ClockConfig	152	static
stm32f769i_discovery_audio_ex.c:269:9:BSP_AUDIO_OUT_Init_Ext	48	static
stm32f769i_discovery_audio_ex.c:504:6:BSP_AUDIO_OUT_SetFrequency	16	static
stm32f769i_discovery_audio_ex.c:1201:9:BSP_AUDIO_IN_AllocScratch	12	static
stm32f769i_discovery_audio_ex.c:1220:9:BSP_AUDIO_IN_GetChannelNumber	0	static
stm32f769i_discovery_audio_ex.c:1231:9:BSP_AUDIO_IN_Record	8	static
stm32f769i_discovery_audio_ex.c:1279:9:BSP_AUDIO_IN_Stop	8	static
stm32f769i_discovery_audio_ex.c:1338:9:BSP_AUDIO_IN_Pause	8	static
stm32f769i_discovery_audio_ex.c:1374:9:BSP_AUDIO_IN_Resume	8	static
stm32f769i_discovery_audio_ex.c:1483:9:BSP_AUDIO_IN_Get_PcmBuffer	20	static
stm32f769i_discovery_audio_ex.c:1587:13:BSP_AUDIO_IN_TransferComplete_CallBack	0	static
stm32f769i_discovery_audio_ex.c:1431:6:HAL_DFSDM_FilterRegConvCpltCallback	8	static
stm32f769i_discovery_audio_ex.c:1577:6:HAL_SAI_RxCpltCallback	8	static
stm32f769i_discovery_audio_ex.c:1598:13:BSP_AUDIO_IN_HalfTransfer_CallBack	0	static
stm32f769i_discovery_audio_ex.c:1518:6:HAL_DFSDM_FilterRegConvHalfCpltCallback	8	static
stm32f769i_discovery_audio_ex.c:1565:6:HAL_SAI_RxHalfCpltCallback	8	static
stm32f769i_discovery_audio_ex.c:1609:13:BSP_AUDIO_IN_Error_CallBack	0	static
stm32f769i_discovery_audio_ex.c:585:6:HAL_SAI_ErrorCallback	8	static
stm32f769i_discovery_audio_ex.c:1619:13:BSP_AUDIO_IN_MspInit	96	static
stm32f769i_discovery_audio_ex.c:1638:13:BSP_AUDIO_IN_MspDeInit	8	static
stm32f769i_discovery_audio_ex.c:1410:6:BSP_AUDIO_IN_DeInit	8	static
stm32f769i_discovery_audio_ex.c:1663:13:BSP_AUDIO_IN_ClockConfig	152	static
stm32f769i_discovery_audio_ex.c:1137:9:BSP_AUDIO_IN_InitEx	64	static
stm32f769i_discovery_audio_ex.c:1124:9:BSP_AUDIO_IN_Init	0	static
