stm32f7xx_hal_i2s.c:1141:26:I2S_WaitFlagStateUntilTimeout.constprop	24	static
stm32f7xx_hal_i2s.c:378:14:HAL_I2S_MspInit	0	static
stm32f7xx_hal_i2s.c:214:19:HAL_I2S_Init	24	static
stm32f7xx_hal_i2s.c:394:14:HAL_I2S_MspDeInit	0	static
stm32f7xx_hal_i2s.c:347:19:HAL_I2S_DeInit	8	static
stm32f7xx_hal_i2s.c:672:19:HAL_I2S_Transmit_IT	0	static
stm32f7xx_hal_i2s.c:737:19:HAL_I2S_Receive_IT	0	static
stm32f7xx_hal_i2s.c:799:19:HAL_I2S_Transmit_DMA	16	static
stm32f7xx_hal_i2s.c:877:19:HAL_I2S_Receive_DMA	24	static
stm32f7xx_hal_i2s.c:954:19:HAL_I2S_DMAPause	0	static
stm32f7xx_hal_i2s.c:995:19:HAL_I2S_DMAResume	0	static
stm32f7xx_hal_i2s.c:1030:19:HAL_I2S_DMAStop	8	static
stm32f7xx_hal_i2s.c:1207:14:HAL_I2S_TxHalfCpltCallback	0	static
stm32f7xx_hal_i2s.c:1426:13:I2S_DMATxHalfCplt	8	static
stm32f7xx_hal_i2s.c:1223:14:HAL_I2S_TxCpltCallback	0	static
stm32f7xx_hal_i2s.c:1394:13:I2S_DMATxCplt	8	static
stm32f7xx_hal_i2s.c:1239:13:HAL_I2S_RxHalfCpltCallback	0	static
stm32f7xx_hal_i2s.c:1470:13:I2S_DMARxHalfCplt	8	static
stm32f7xx_hal_i2s.c:1255:13:HAL_I2S_RxCpltCallback	0	static
stm32f7xx_hal_i2s.c:1439:13:I2S_DMARxCplt	8	static
stm32f7xx_hal_i2s.c:1271:14:HAL_I2S_ErrorCallback	0	static
stm32f7xx_hal_i2s.c:465:19:HAL_I2S_Transmit	16	static
stm32f7xx_hal_i2s.c:572:19:HAL_I2S_Receive	24	static
stm32f7xx_hal_i2s.c:1483:13:I2S_DMAError	8	static
stm32f7xx_hal_i2s.c:1071:6:HAL_I2S_IRQHandler	24	static
stm32f7xx_hal_i2s.c:1306:22:HAL_I2S_GetState	0	static
stm32f7xx_hal_i2s.c:1317:10:HAL_I2S_GetError	0	static
