audio_usb_nodes.c:273:17:USB_AudioStreamingInputOutputDeInit	0	static
audio_usb_nodes.c:289:16:USB_AudioStreamingInputOutputStart	0	static
audio_usb_nodes.c:323:16:USB_AudioStreamingInputOutputStop	0	static
audio_usb_nodes.c:336:16:USB_AudioStreamingInputOutputRestart	0	static
audio_usb_nodes.c:626:18:USB_AudioStreamingInputOutputGetMaxPacketLength	0	static
audio_usb_nodes.c:787:16:USB_AudioStreamingInputOutputGetState	0	static
audio_usb_nodes.c:849:15:USB_AudioStreamingFeatureUnitDInit	0	static
audio_usb_nodes.c:863:15:USB_AudioStreamingFeatureUnitStart	8	static
audio_usb_nodes.c:886:15:USB_AudioStreamingFeatureUnitStop	0	static
audio_usb_nodes.c:904:15:USB_AudioStreamingFeatureUnitGetMute	0	static
audio_usb_nodes.c:919:15:USB_AudioStreamingFeatureUnitSetMute	8	static
audio_usb_nodes.c:942:15:USB_AudioStreamingFeatureUnitGetCurVolume	0	static
audio_usb_nodes.c:957:15:USB_AudioStreamingFeatureUnitSetCurVolume	8	static
audio_usb_nodes.c:803:9:USB_AudioStreamingFeatureUnitInit	16	static
audio_usb_nodes.c:476:17:USB_AudioStreamingOutputGetBuffer	16	static
audio_usb_nodes.c:981:16:USB_AudioStreamingFeatureUnitGetStatus	0	static
audio_usb_nodes.c:212:10:USB_AudioStreamingOutputInit	16	static
audio_usb_nodes.c:999:8:USB_AudioStreamingInitializeDataBuffer	0	static
