usbd_core_ex.c:93:20:USBD_Init	8	static
usbd_core_ex.c:129:20:USBD_DeInit	8	static
usbd_core_ex.c:154:21:USBD_RegisterClass	0	static
usbd_core_ex.c:178:21:USBD_Start	8	static
usbd_core_ex.c:193:21:USBD_Stop	8	static
usbd_core_ex.c:210:21:USBD_RunTestMode	0	static
usbd_core_ex.c:224:20:USBD_SetClassConfig	8	static
usbd_core_ex.c:246:20:USBD_ClrClassConfig	8	static
usbd_core_ex.c:260:20:USBD_LL_SetupStage	16	static
usbd_core_ex.c:296:20:USBD_LL_DataOutStage	16	static
usbd_core_ex.c:340:20:USBD_LL_DataInStage	16	static
usbd_core_ex.c:412:20:USBD_LL_Reset	16	static
usbd_core_ex.c:448:20:USBD_LL_SetSpeed	0	static
usbd_core_ex.c:461:20:USBD_LL_Suspend	0	static
usbd_core_ex.c:475:20:USBD_LL_Resume	0	static
usbd_core_ex.c:488:20:USBD_LL_SOF	8	static
usbd_core_ex.c:506:20:USBD_LL_IsoINIncomplete	8	static
usbd_core_ex.c:524:20:USBD_LL_IsoOUTIncomplete	8	static
usbd_core_ex.c:542:20:USBD_LL_DevConnected	0	static
usbd_core_ex.c:553:20:USBD_LL_DevDisconnected	8	static
